Component: ARM Compiler 5.05 update 1 (build 106) Tool: armlink [4d0efa]

==============================================================================

Section Cross References

    startup_stm32f103xb.o(STACK) refers (Special) to heapauxi.o(.text) for __use_two_region_memory
    startup_stm32f103xb.o(HEAP) refers (Special) to heapauxi.o(.text) for __use_two_region_memory
    startup_stm32f103xb.o(RESET) refers (Special) to heapauxi.o(.text) for __use_two_region_memory
    startup_stm32f103xb.o(RESET) refers to startup_stm32f103xb.o(STACK) for __initial_sp
    startup_stm32f103xb.o(RESET) refers to startup_stm32f103xb.o(.text) for Reset_Handler
    startup_stm32f103xb.o(RESET) refers to stm32f1xx_it.o(i.NMI_Handler) for NMI_Handler
    startup_stm32f103xb.o(RESET) refers to stm32f1xx_it.o(i.HardFault_Handler) for HardFault_Handler
    startup_stm32f103xb.o(RESET) refers to stm32f1xx_it.o(i.MemManage_Handler) for MemManage_Handler
    startup_stm32f103xb.o(RESET) refers to stm32f1xx_it.o(i.BusFault_Handler) for BusFault_Handler
    startup_stm32f103xb.o(RESET) refers to stm32f1xx_it.o(i.UsageFault_Handler) for UsageFault_Handler
    startup_stm32f103xb.o(RESET) refers to stm32f1xx_it.o(i.SVC_Handler) for SVC_Handler
    startup_stm32f103xb.o(RESET) refers to stm32f1xx_it.o(i.DebugMon_Handler) for DebugMon_Handler
    startup_stm32f103xb.o(RESET) refers to stm32f1xx_it.o(i.PendSV_Handler) for PendSV_Handler
    startup_stm32f103xb.o(RESET) refers to stm32f1xx_it.o(i.SysTick_Handler) for SysTick_Handler
    startup_stm32f103xb.o(RESET) refers to stm32f1xx_it.o(i.TIM4_IRQHandler) for TIM4_IRQHandler
    startup_stm32f103xb.o(RESET) refers to stm32f1xx_it.o(i.USART1_IRQHandler) for USART1_IRQHandler
    startup_stm32f103xb.o(RESET) refers to stm32f1xx_it.o(i.USART3_IRQHandler) for USART3_IRQHandler
    startup_stm32f103xb.o(.text) refers (Special) to heapauxi.o(.text) for __use_two_region_memory
    startup_stm32f103xb.o(.text) refers to system_stm32f1xx.o(i.SystemInit) for SystemInit
    startup_stm32f103xb.o(.text) refers to __main.o(!!!main) for __main
    startup_stm32f103xb.o(.text) refers to startup_stm32f103xb.o(HEAP) for Heap_Mem
    startup_stm32f103xb.o(.text) refers to startup_stm32f103xb.o(STACK) for Stack_Mem
    main.o(i.APPInit) refers to stm32f1xx_hal_tim.o(i.HAL_TIM_Base_Start_IT) for HAL_TIM_Base_Start_IT
    main.o(i.APPInit) refers to oled.o(i.OLED_Init) for OLED_Init
    main.o(i.APPInit) refers to esp8266.o(i.ESP8266_EN) for ESP8266_EN
    main.o(i.APPInit) refers to stm32f1xx_hal_adc_ex.o(i.HAL_ADCEx_Calibration_Start) for HAL_ADCEx_Calibration_Start
    main.o(i.APPInit) refers to co2.o(i.CO2_UART_StartReceive) for CO2_UART_StartReceive
    main.o(i.APPInit) refers to oled.o(i.Boot_ChargingUI) for Boot_ChargingUI
    main.o(i.APPInit) refers to esp8266.o(i.ESP8266_Init) for ESP8266_Init
    main.o(i.APPInit) refers to oled.o(i.OLED_Clear) for OLED_Clear
    main.o(i.APPInit) refers to oled.o(i.OLED_ShowString) for OLED_ShowString
    main.o(i.APPInit) refers to oled.o(i.OLED_Refresh) for OLED_Refresh
    main.o(i.APPInit) refers to stm32f1xx_hal.o(i.HAL_Delay) for HAL_Delay
    main.o(i.APPInit) refers to esp8266.o(i.ESP8266_SendCmd) for ESP8266_SendCmd
    main.o(i.APPInit) refers to onenet.o(i.OneNet_DevLink) for OneNet_DevLink
    main.o(i.APPInit) refers to onenet.o(i.OneNET_Subscribe) for OneNET_Subscribe
    main.o(i.APPInit) refers to dht11.o(i.DHT11_Init) for DHT11_Init
    main.o(i.APPInit) refers to dht11.o(i.DHT11_Read_Data) for DHT11_Read_Data
    main.o(i.APPInit) refers to tim.o(.bss) for htim4
    main.o(i.APPInit) refers to adc.o(.bss) for hadc1
    main.o(i.APPInit) refers to main.o(.data) for .data
    main.o(i.AutoControl_Task) refers to fmul.o(x$fpl$fmul) for __aeabi_fmul
    main.o(i.AutoControl_Task) refers to faddsub_clz.o(x$fpl$fadd) for __aeabi_fadd
    main.o(i.AutoControl_Task) refers to ffixu.o(x$fpl$ffixu) for __aeabi_f2uiz
    main.o(i.AutoControl_Task) refers to main.o(.data) for .data
    main.o(i.HAL_TIM_PeriodElapsedCallback) refers to led.o(i.Led_Set) for Led_Set
    main.o(i.HAL_TIM_PeriodElapsedCallback) refers to beep.o(i.BEEP_Set) for BEEP_Set
    main.o(i.HAL_TIM_PeriodElapsedCallback) refers to fan.o(i.FAN_Set) for FAN_Set
    main.o(i.HAL_TIM_PeriodElapsedCallback) refers to spray.o(i.SPRAY_Set) for SPRAY_Set
    main.o(i.HAL_TIM_PeriodElapsedCallback) refers to pump.o(i.PUMP_Set) for PUMP_Set
    main.o(i.HAL_TIM_PeriodElapsedCallback) refers to main.o(.data) for .data
    main.o(i.Key_Task) refers to key.o(i.Key_Read) for Key_Read
    main.o(i.Key_Task) refers to main.o(i.TH_StepBySub) for TH_StepBySub
    main.o(i.Key_Task) refers to main.o(i.TH_SetValueBySub) for TH_SetValueBySub
    main.o(i.Key_Task) refers to main.o(.data) for .data
    main.o(i.Oled_Task) refers to oled.o(i.OLED_Clear) for OLED_Clear
    main.o(i.Oled_Task) refers to oled.o(i.OLED_ShowChinese) for OLED_ShowChinese
[...]
    __rt_ctype_table                         0x08000841   Thumb Code    16  rt_ctype_table.o(.text)
    __rt_heap_descriptor                     0x08000851   Thumb Code     8  rt_heap_descriptor_intlibspace.o(.text)
    __use_no_heap                            0x08000859   Thumb Code     2  hguard.o(.text)
    __heap$guard                             0x0800085b   Thumb Code     2  hguard.o(.text)
    _terminate_user_alloc                    0x0800085d   Thumb Code     2  init_alloc.o(.text)
    _init_user_alloc                         0x0800085f   Thumb Code     2  init_alloc.o(.text)
    __Heap_Full                              0x08000861   Thumb Code    34  init_alloc.o(.text)
    __Heap_Broken                            0x08000883   Thumb Code     6  init_alloc.o(.text)
    _init_alloc                              0x08000889   Thumb Code    94  init_alloc.o(.text)
    __Heap_Initialize                        0x080008e7   Thumb Code    10  h1_init.o(.text)
    __Heap_DescSize                          0x080008f1   Thumb Code     4  h1_init.o(.text)
    __read_errno                             0x080008f5   Thumb Code    10  _rserrno.o(.text)
    __set_errno                              0x080008ff   Thumb Code    12  _rserrno.o(.text)
    _printf_int_common                       0x0800090b   Thumb Code   178  _printf_intcommon.o(.text)
    __lib_sel_fp_printf                      0x080009bd   Thumb Code     2  _printf_fp_dec.o(.text)
    _printf_fp_dec_real                      0x08000b6b   Thumb Code   620  _printf_fp_dec.o(.text)
    _printf_char_common                      0x08000de3   Thumb Code    32  _printf_char_common.o(.text)
    _sputc                                   0x08000e09   Thumb Code    10  _sputc.o(.text)
    _snputc                                  0x08000e13   Thumb Code    16  _snputc.o(.text)
    _printf_cs_common                        0x08000e23   Thumb Code    20  _printf_char.o(.text)
    _printf_char                             0x08000e37   Thumb Code    16  _printf_char.o(.text)
    _printf_string                           0x08000e47   Thumb Code     8  _printf_char.o(.text)
    __user_libspace                          0x08000e51   Thumb Code     8  libspace.o(.text)
    __user_perproc_libspace                  0x08000e51   Thumb Code     0  libspace.o(.text)
    __user_perthread_libspace                0x08000e51   Thumb Code     0  libspace.o(.text)
    __rt_locale                              0x08000e59   Thumb Code     8  rt_locale_intlibspace.o(.text)
    __aeabi_errno_addr                       0x08000e61   Thumb Code     8  rt_errno_addr_intlibspace.o(.text)
    __errno$intlibspace                      0x08000e61   Thumb Code     0  rt_errno_addr_intlibspace.o(.text)
    __rt_errno_addr$intlibspace              0x08000e61   Thumb Code     0  rt_errno_addr_intlibspace.o(.text)
    __Heap_ProvideMemory                     0x08000e69   Thumb Code    52  h1_extend.o(.text)
    _ll_udiv10                               0x08000e9d   Thumb Code   138  lludiv10.o(.text)
    _printf_fp_infnan                        0x08000f29   Thumb Code   112  _printf_fp_infnan.o(.text)
    _btod_etento                             0x08000fa9   Thumb Code   216  bigflt0.o(.text)
    __rt_SIGRTMEM                            0x08001085   Thumb Code    14  defsig_rtmem_outer.o(.text)
    __I$use$semihosting                      0x08001093   Thumb Code     0  use_no_semi.o(.text)
    __use_no_semihosting_swi                 0x08001093   Thumb Code     2  use_no_semi.o(.text)
    __semihosting_library_function           0x08001095   Thumb Code     0  indicate_semi.o(.text)
    __user_setup_stackheap                   0x08001095   Thumb Code    74  sys_stackheap_outer.o(.text)
    exit                                     0x080010df   Thumb Code    12  exit.o(.text)
    __sig_exit                               0x080010eb   Thumb Code    10  defsig_exit.o(.text)
    __rt_SIGRTMEM_inner                      0x080010f5   Thumb Code    22  defsig_rtmem_inner.o(.text)
    strcmp                                   0x08001145   Thumb Code   128  strcmpv7m.o(.text)
    _sys_exit                                0x080011c5   Thumb Code     8  sys_exit.o(.text)
    __default_signal_display                 0x080011d1   Thumb Code    50  defsig_general.o(.text)
    _ttywrch                                 0x08001203   Thumb Code    14  sys_wrch.o(.text)
    _btod_d2e                                0x08001211   Thumb Code    62  btod.o(CL$$btod_d2e)
    _d2e_denorm_low                          0x0800124f   Thumb Code    70  btod.o(CL$$btod_d2e_denorm_low)
    _d2e_norm_op1                            0x08001295   Thumb Code    96  btod.o(CL$$btod_d2e_norm_op1)
    __btod_div_common                        0x080012f5   Thumb Code   696  btod.o(CL$$btod_div_common)
    _e2e                                     0x0800162d   Thumb Code   198  btod.o(CL$$btod_e2e)
    _btod_ediv                               0x080016f3   Thumb Code    40  btod.o(CL$$btod_ediv)
    _btod_emul                               0x0800171b   Thumb Code    40  btod.o(CL$$btod_emul)
    __btod_mult_common                       0x08001743   Thumb Code   580  btod.o(CL$$btod_mult_common)
    ADC_ConversionStop_Disable               0x08001987   Thumb Code    84  stm32f1xx_hal_adc.o(i.ADC_ConversionStop_Disable)
    ADC_Enable                               0x080019dd   Thumb Code   112  stm32f1xx_hal_adc.o(i.ADC_Enable)
    ADC_GetValue                             0x08001a55   Thumb Code    74  adcx.o(i.ADC_GetValue)
    APPInit                                  0x08001aa5   Thumb Code   300  main.o(i.APPInit)
    BASE64_Decode                            0x08001d55   Thumb Code   296  base64.o(i.BASE64_Decode)
    BASE64_Encode                            0x08001e81   Thumb Code   270  base64.o(i.BASE64_Encode)
    BEEP_Set                                 0x08001f95   Thumb Code    22  beep.o(i.BEEP_Set)
    Boot_ChargingUI                          0x08001fb5   Thumb Code   108  oled.o(i.Boot_ChargingUI)
    BusFault_Handler                         0x0800202d   Thumb Code     2  stm32f1xx_it.o(i.BusFault_Handler)
    CO2GetData                               0x08002031   Thumb Code    24  co2.o(i.CO2GetData)
    CO2_ParseByte                            0x0800204d   Thumb Code    64  co2.o(i.CO2_ParseByte)
    CO2_UART_StartReceive                    0x08002091   Thumb Code    18  co2.o(i.CO2_UART_StartReceive)
    DHT11_Check                              0x080020ad   Thumb Code    88  dht11.o(i.DHT11_Check)
    DHT11_Init                               0x08002175   Thumb Code    34  dht11.o(i.DHT11_Init)
    DHT11_Mode                               0x0800219d   Thumb Code    30  dht11.o(i.DHT11_Mode)
    DHT11_Read_Bit                           0x080021c1   Thumb Code    84  dht11.o(i.DHT11_Read_Bit)
    DHT11_Read_Byte                          0x08002219   Thumb Code    26  dht11.o(i.DHT11_Read_Byte)
    DHT11_Read_Data                          0x08002233   Thumb Code    80  dht11.o(i.DHT11_Read_Data)
    DHT11_Rst                                0x08002285   Thumb Code    46  dht11.o(i.DHT11_Rst)
    DebugMon_Handler                         0x080022b9   Thumb Code     2  stm32f1xx_it.o(i.DebugMon_Handler)
    ESP8266_Clear                            0x080022bd   Thumb Code    20  esp8266.o(i.ESP8266_Clear)
    ESP8266_EN                               0x080022d9   Thumb Code    12  esp8266.o(i.ESP8266_EN)
    ESP8266_GetIPD                           0x080022ed   Thumb Code    50  esp8266.o(i.ESP8266_GetIPD)
    ESP8266_Init                             0x0800232d   Thumb Code   164  esp8266.o(i.ESP8266_Init)
    ESP8266_SendCmd                          0x08002451   Thumb Code    68  esp8266.o(i.ESP8266_SendCmd)
    ESP8266_SendData                         0x0800249d   Thumb Code    52  esp8266.o(i.ESP8266_SendData)
    ESP8266_WaitRecive                       0x080024e9   Thumb Code    20  esp8266.o(i.ESP8266_WaitRecive)
    Error_Handler                            0x08002501   Thumb Code     4  main.o(i.Error_Handler)
    FAN_Set                                  0x08002505   Thumb Code    22  fan.o(i.FAN_Set)
    HAL_ADCEx_Calibration_Start              0x08002525   Thumb Code   210  stm32f1xx_hal_adc_ex.o(i.HAL_ADCEx_Calibration_Start)
    HAL_ADC_ConfigChannel                    0x080025fd   Thumb Code   240  stm32f1xx_hal_adc.o(i.HAL_ADC_ConfigChannel)
    HAL_ADC_GetValue                         0x080026f9   Thumb Code     6  stm32f1xx_hal_adc.o(i.HAL_ADC_GetValue)
    HAL_ADC_Init                             0x08002701   Thumb Code   272  stm32f1xx_hal_adc.o(i.HAL_ADC_Init)
    HAL_ADC_MspInit                          0x0800281d   Thumb Code    76  adc.o(i.HAL_ADC_MspInit)
    HAL_ADC_PollForConversion                0x08002875   Thumb Code   304  stm32f1xx_hal_adc.o(i.HAL_ADC_PollForConversion)
    HAL_ADC_Start                            0x080029b1   Thumb Code   184  stm32f1xx_hal_adc.o(i.HAL_ADC_Start)
    HAL_ADC_Stop                             0x08002a71   Thumb Code    52  stm32f1xx_hal_adc.o(i.HAL_ADC_Stop)
    HAL_DMA_Abort                            0x08002aa5   Thumb Code    70  stm32f1xx_hal_dma.o(i.HAL_DMA_Abort)
    HAL_DMA_Abort_IT                         0x08002aed   Thumb Code   148  stm32f1xx_hal_dma.o(i.HAL_DMA_Abort_IT)
    HAL_Delay                                0x08002b85   Thumb Code    32  stm32f1xx_hal.o(i.HAL_Delay)
    HAL_GPIO_Init                            0x08002ba9   Thumb Code   426  stm32f1xx_hal_gpio.o(i.HAL_GPIO_Init)
    HAL_GPIO_ReadPin                         0x08002d75   Thumb Code    10  stm32f1xx_hal_gpio.o(i.HAL_GPIO_ReadPin)
    HAL_GPIO_WritePin                        0x08002d7f   Thumb Code    10  stm32f1xx_hal_gpio.o(i.HAL_GPIO_WritePin)
    HAL_GetTick                              0x08002d89   Thumb Code     6  stm32f1xx_hal.o(i.HAL_GetTick)
    HAL_I2C_Init                             0x08002d95   Thumb Code   376  stm32f1xx_hal_i2c.o(i.HAL_I2C_Init)
    HAL_I2C_Master_Transmit                  0x08002f1d   Thumb Code   290  stm32f1xx_hal_i2c.o(i.HAL_I2C_Master_Transmit)
    HAL_I2C_MspInit                          0x08003049   Thumb Code    96  i2c.o(i.HAL_I2C_MspInit)
    HAL_IncTick                              0x080030b9   Thumb Code    12  stm32f1xx_hal.o(i.HAL_IncTick)
    HAL_Init                                 0x080030c9   Thumb Code    32  stm32f1xx_hal.o(i.HAL_Init)
    HAL_InitTick                             0x080030ed   Thumb Code    54  stm32f1xx_hal.o(i.HAL_InitTick)
    HAL_MspInit                              0x0800312d   Thumb Code    52  stm32f1xx_hal_msp.o(i.HAL_MspInit)
    HAL_NVIC_EnableIRQ                       0x08003169   Thumb Code    26  stm32f1xx_hal_cortex.o(i.HAL_NVIC_EnableIRQ)
    HAL_NVIC_SetPriority                     0x08003185   Thumb Code    60  stm32f1xx_hal_cortex.o(i.HAL_NVIC_SetPriority)
    HAL_NVIC_SetPriorityGrouping             0x080031c5   Thumb Code    26  stm32f1xx_hal_cortex.o(i.HAL_NVIC_SetPriorityGrouping)
    HAL_RCCEx_GetPeriphCLKFreq               0x080031e9   Thumb Code   148  stm32f1xx_hal_rcc_ex.o(i.HAL_RCCEx_GetPeriphCLKFreq)
    HAL_RCCEx_PeriphCLKConfig                0x0800328d   Thumb Code   220  stm32f1xx_hal_rcc_ex.o(i.HAL_RCCEx_PeriphCLKConfig)
    HAL_RCC_ClockConfig                      0x08003375   Thumb Code   292  stm32f1xx_hal_rcc.o(i.HAL_RCC_ClockConfig)
    HAL_RCC_GetPCLK1Freq                     0x080034ad   Thumb Code    20  stm32f1xx_hal_rcc.o(i.HAL_RCC_GetPCLK1Freq)
    HAL_RCC_GetPCLK2Freq                     0x080034cd   Thumb Code    20  stm32f1xx_hal_rcc.o(i.HAL_RCC_GetPCLK2Freq)
    HAL_RCC_GetSysClockFreq                  0x080034ed   Thumb Code    58  stm32f1xx_hal_rcc.o(i.HAL_RCC_GetSysClockFreq)
    HAL_RCC_OscConfig                        0x08003539   Thumb Code   770  stm32f1xx_hal_rcc.o(i.HAL_RCC_OscConfig)
    HAL_SYSTICK_Config                       0x08003851   Thumb Code    40  stm32f1xx_hal_cortex.o(i.HAL_SYSTICK_Config)
    HAL_TIMEx_BreakCallback                  0x08003879   Thumb Code     2  stm32f1xx_hal_tim_ex.o(i.HAL_TIMEx_BreakCallback)
    HAL_TIMEx_CommutCallback                 0x0800387b   Thumb Code     2  stm32f1xx_hal_tim_ex.o(i.HAL_TIMEx_CommutCallback)
    HAL_TIMEx_MasterConfigSynchronization    0x0800387d   Thumb Code    92  stm32f1xx_hal_tim_ex.o(i.HAL_TIMEx_MasterConfigSynchronization)
    HAL_TIM_Base_Init                        0x080038e5   Thumb Code    90  stm32f1xx_hal_tim.o(i.HAL_TIM_Base_Init)
    HAL_TIM_Base_MspInit                     0x08003941   Thumb Code    50  tim.o(i.HAL_TIM_Base_MspInit)
    HAL_TIM_Base_Start_IT                    0x0800397d   Thumb Code    76  stm32f1xx_hal_tim.o(i.HAL_TIM_Base_Start_IT)
    HAL_TIM_ConfigClockSource                0x080039d5   Thumb Code   220  stm32f1xx_hal_tim.o(i.HAL_TIM_ConfigClockSource)
    HAL_TIM_IC_CaptureCallback               0x08003ab1   Thumb Code     2  stm32f1xx_hal_tim.o(i.HAL_TIM_IC_CaptureCallback)
    HAL_TIM_IRQHandler                       0x08003ab3   Thumb Code   304  stm32f1xx_hal_tim.o(i.HAL_TIM_IRQHandler)
    HAL_TIM_OC_DelayElapsedCallback          0x08003be3   Thumb Code     2  stm32f1xx_hal_tim.o(i.HAL_TIM_OC_DelayElapsedCallback)
    HAL_TIM_PWM_PulseFinishedCallback        0x08003be5   Thumb Code     2  stm32f1xx_hal_tim.o(i.HAL_TIM_PWM_PulseFinishedCallback)
    HAL_TIM_PeriodElapsedCallback            0x08003be9   Thumb Code   114  main.o(i.HAL_TIM_PeriodElapsedCallback)
    HAL_TIM_TriggerCallback                  0x08003c65   Thumb Code     2  stm32f1xx_hal_tim.o(i.HAL_TIM_TriggerCallback)
    HAL_UARTEx_ReceiveToIdle_IT              0x08003c67   Thumb Code    86  stm32f1xx_hal_uart.o(i.HAL_UARTEx_ReceiveToIdle_IT)
    HAL_UARTEx_RxEventCallback               0x08003cbd   Thumb Code    24  usart.o(i.HAL_UARTEx_RxEventCallback)
    HAL_UART_ErrorCallback                   0x08003ce1   Thumb Code     2  stm32f1xx_hal_uart.o(i.HAL_UART_ErrorCallback)
    HAL_UART_IRQHandler                      0x08003ce5   Thumb Code   616  stm32f1xx_hal_uart.o(i.HAL_UART_IRQHandler)
    HAL_UART_Init                            0x08003f51   Thumb Code   100  stm32f1xx_hal_uart.o(i.HAL_UART_Init)
    HAL_UART_MspInit                         0x08003fb5   Thumb Code   198  usart.o(i.HAL_UART_MspInit)
    HAL_UART_Receive_IT                      0x08004091   Thumb Code    28  stm32f1xx_hal_uart.o(i.HAL_UART_Receive_IT)
    HAL_UART_RxCpltCallback                  0x080040ad   Thumb Code    32  usart.o(i.HAL_UART_RxCpltCallback)
    HAL_UART_Transmit                        0x080040d5   Thumb Code   160  stm32f1xx_hal_uart.o(i.HAL_UART_Transmit)
    HAL_UART_TxCpltCallback                  0x08004175   Thumb Code     2  stm32f1xx_hal_uart.o(i.HAL_UART_TxCpltCallback)
    HardFault_Handler                        0x08004177   Thumb Code     2  stm32f1xx_it.o(i.HardFault_Handler)
    Key_Read                                 0x08004435   Thumb Code    58  key.o(i.Key_Read)
    Key_Task                                 0x08004479   Thumb Code   840  main.o(i.Key_Task)
    Led_Set                                  0x080047c5   Thumb Code    22  led.o(i.Led_Set)
    Light_Average_Data                       0x080047e5   Thumb Code    40  light.o(i.Light_Average_Data)
    Light_LuxData                            0x0800480d   Thumb Code    90  light.o(i.Light_LuxData)
    MQTT_DeleteBuffer                        0x08004879   Thumb Code    28  mqttkit.o(i.MQTT_DeleteBuffer)
    MQTT_DumpLength                          0x08004895   Thumb Code    34  mqttkit.o(i.MQTT_DumpLength)
    MQTT_NewBuffer                           0x080048b7   Thumb Code    82  mqttkit.o(i.MQTT_NewBuffer)
    MQTT_PacketConnect                       0x08004909   Thumb Code   606  mqttkit.o(i.MQTT_PacketConnect)
    MQTT_PacketPublish                       0x08004b6d   Thumb Code   344  mqttkit.o(i.MQTT_PacketPublish)
    MQTT_PacketSaveData                      0x08004cc5   Thumb Code    56  mqttkit.o(i.MQTT_PacketSaveData)
    MQTT_PacketSubscribe                     0x08004d1d   Thumb Code   222  mqttkit.o(i.MQTT_PacketSubscribe)
    MQTT_ReadLength                          0x08004dfb   Thumb Code    62  mqttkit.o(i.MQTT_ReadLength)
    MQTT_UnPacketConnectAck                  0x08004e39   Thumb Code    26  mqttkit.o(i.MQTT_UnPacketConnectAck)
    MQTT_UnPacketPublish                     0x08004e55   Thumb Code   326  mqttkit.o(i.MQTT_UnPacketPublish)
    MQTT_UnPacketPublishAck                  0x08004fa5   Thumb Code    24  mqttkit.o(i.MQTT_UnPacketPublishAck)
    MQTT_UnPacketRecv                        0x08004fbd   Thumb Code    86  mqttkit.o(i.MQTT_UnPacketRecv)
    MQTT_UnPacketSubscribe                   0x0800501d   Thumb Code    44  mqttkit.o(i.MQTT_UnPacketSubscribe)
    MX_ADC1_Init                             0x08005049   Thumb Code    70  adc.o(i.MX_ADC1_Init)
    MX_GPIO_Init                             0x08005099   Thumb Code   204  gpio.o(i.MX_GPIO_Init)
    MX_I2C1_Init                             0x08005171   Thumb Code    50  i2c.o(i.MX_I2C1_Init)
    MX_TIM4_Init                             0x080051b1   Thumb Code    94  tim.o(i.MX_TIM4_Init)
    MX_USART1_UART_Init                      0x08005219   Thumb Code    48  usart.o(i.MX_USART1_UART_Init)
    MX_USART3_UART_Init                      0x08005251   Thumb Code    48  usart.o(i.MX_USART3_UART_Init)
    MemManage_Handler                        0x08005289   Thumb Code     2  stm32f1xx_it.o(i.MemManage_Handler)
    NMI_Handler                              0x0800528b   Thumb Code     2  stm32f1xx_it.o(i.NMI_Handler)
    OLED_Clear                               0x0800528d   Thumb Code    38  oled.o(i.OLED_Clear)
    OLED_DrawLine                            0x080052b9   Thumb Code   152  oled.o(i.OLED_DrawLine)
    OLED_DrawPoint                           0x08005351   Thumb Code    40  oled.o(i.OLED_DrawPoint)
    OLED_DrawProgressBar                     0x0800537d   Thumb Code   158  oled.o(i.OLED_DrawProgressBar)
    OLED_DrawRect                            0x0800541b   Thumb Code    84  oled.o(i.OLED_DrawRect)
    OLED_Init                                0x0800546f   Thumb Code   228  oled.o(i.OLED_Init)
    OLED_Pow                                 0x08005553   Thumb Code    16  oled.o(i.OLED_Pow)
    OLED_Refresh                             0x08005565   Thumb Code    92  oled.o(i.OLED_Refresh)
    OLED_ShowChar                            0x080055c9   Thumb Code   202  oled.o(i.OLED_ShowChar)
    OLED_ShowChinese                         0x080056a5   Thumb Code   180  oled.o(i.OLED_ShowChinese)
    OLED_ShowNum                             0x08005761   Thumb Code   110  oled.o(i.OLED_ShowNum)
    OLED_ShowString                          0x080057cf   Thumb Code    60  oled.o(i.OLED_ShowString)
    OLED_WR_Byte                             0x0800580d   Thumb Code    32  oled.o(i.OLED_WR_Byte)
    Oled_Task                                0x08005901   Thumb Code  3118  main.o(i.Oled_Task)
    OneNET_Subscribe                         0x08006725   Thumb Code    74  onenet.o(i.OneNET_Subscribe)
    OneNet_DevLink                           0x080067a5   Thumb Code   124  onenet.o(i.OneNet_DevLink)
    OneNet_FillBuf                           0x08006875   Thumb Code   598  onenet.o(i.OneNet_FillBuf)
    OneNet_RevPro                            0x08006d19   Thumb Code   526  onenet.o(i.OneNet_RevPro)
    OneNet_SendData                          0x08006fe9   Thumb Code   106  onenet.o(i.OneNet_SendData)
    OneNet_Task                              0x08007069   Thumb Code    42  main.o(i.OneNet_Task)
    PH_ADC_Read                              0x08007099   Thumb Code     8  ph.o(i.PH_ADC_Read)
    PH_GetData                               0x080070a1   Thumb Code    88  ph.o(i.PH_GetData)
    PUMP_Set                                 0x08007111   Thumb Code    22  pump.o(i.PUMP_Set)
    PendSV_Handler                           0x08007131   Thumb Code     2  stm32f1xx_it.o(i.PendSV_Handler)
    SPRAY_Set                                0x08007135   Thumb Code    22  spray.o(i.SPRAY_Set)
    SVC_Handler                              0x08007155   Thumb Code     2  stm32f1xx_it.o(i.SVC_Handler)
    Sensor_Task                              0x08007159   Thumb Code   104  main.o(i.Sensor_Task)
    Soil_Humidity_GetData                    0x080071c9   Thumb Code    64  soil_humidity.o(i.Soil_Humidity_GetData)
    Soil_Humidity_GetRaw                     0x08007209   Thumb Code    40  soil_humidity.o(i.Soil_Humidity_GetRaw)
    SysTick_Handler                          0x08007231   Thumb Code     4  stm32f1xx_it.o(i.SysTick_Handler)
    SystemClock_Config                       0x08007235   Thumb Code   122  main.o(i.SystemClock_Config)
    SystemInit                               0x080072af   Thumb Code     2  system_stm32f1xx.o(i.SystemInit)
    TIM4_IRQHandler                          0x08007309   Thumb Code     6  stm32f1xx_it.o(i.TIM4_IRQHandler)
    TIM_Base_SetConfig                       0x08007315   Thumb Code   108  stm32f1xx_hal_tim.o(i.TIM_Base_SetConfig)
    TIM_ETR_SetConfig                        0x0800738d   Thumb Code    20  stm32f1xx_hal_tim.o(i.TIM_ETR_SetConfig)
    UART_Start_Receive_IT                    0x080075d1   Thumb Code    54  stm32f1xx_hal_uart.o(i.UART_Start_Receive_IT)
    USART1_IRQHandler                        0x08007679   Thumb Code     6  stm32f1xx_it.o(i.USART1_IRQHandler)
    USART3_IRQHandler                        0x08007685   Thumb Code     6  stm32f1xx_it.o(i.USART3_IRQHandler)
    UsageFault_Handler                       0x08007691   Thumb Code     2  stm32f1xx_it.o(i.UsageFault_Handler)
    __ARM_fpclassify                         0x08007693   Thumb Code    40  fpclassify.o(i.__ARM_fpclassify)
    __kernel_poly                            0x080076db   Thumb Code   170  poly.o(i.__kernel_poly)
    __mathlib_dbl_divzero                    0x08007785   Thumb Code    12  dunder.o(i.__mathlib_dbl_divzero)
    __mathlib_dbl_infnan2                    0x08007795   Thumb Code     4  dunder.o(i.__mathlib_dbl_infnan2)
    __mathlib_dbl_invalid                    0x08007799   Thumb Code    12  dunder.o(i.__mathlib_dbl_invalid)
    __mathlib_dbl_overflow                   0x080077a5   Thumb Code    14  dunder.o(i.__mathlib_dbl_overflow)
    __mathlib_dbl_underflow                  0x080077b5   Thumb Code    10  dunder.o(i.__mathlib_dbl_underflow)
    _is_digit                                0x080077c5   Thumb Code    14  __printf_wp.o(i._is_digit)
    cJSON_Delete                             0x080077d5   Thumb Code    66  cjson.o(i.cJSON_Delete)
    cJSON_GetObjectItem                      0x0800781d   Thumb Code    28  cjson.o(i.cJSON_GetObjectItem)
    cJSON_Parse                              0x08007855   Thumb Code     8  cjson.o(i.cJSON_Parse)
    cJSON_ParseWithOpts                      0x0800785d   Thumb Code    92  cjson.o(i.cJSON_ParseWithOpts)
    ft                                       0x080078ff   Thumb Code    56  hmac_sha1.o(i.ft)
    hmac_sha1                                0x08007937   Thumb Code   240  hmac_sha1.o(i.hmac_sha1)
    k                                        0x08007a29   Thumb Code    34  hmac_sha1.o(i.k)
    main                                     0x08007a5d   Thumb Code    54  main.o(i.main)
    pow                                      0x08007fe1   Thumb Code  2478  pow.o(i.pow)
    rotl                                     0x08008999   Thumb Code    28  hmac_sha1.o(i.rotl)
    sha1                                     0x080089b5   Thumb Code   454  hmac_sha1.o(i.sha1)
    sqrt                                     0x08008b9d   Thumb Code    76  sqrt.o(i.sqrt)
    _get_lc_ctype                            0x08008be9   Thumb Code    44  lc_ctype_c.o(locale$$code)
    _get_lc_numeric                          0x08008c15   Thumb Code    44  lc_numeric_c.o(locale$$code)
    __aeabi_dadd                             0x08008c41   Thumb Code     0  daddsub_clz.o(x$fpl$dadd)
    _dadd                                    0x08008c41   Thumb Code   332  daddsub_clz.o(x$fpl$dadd)
    __fpl_dcheck_NaN1                        0x08008d91   Thumb Code    10  dcheck1.o(x$fpl$dcheck1)
    __fpl_dcmp_Inf                           0x08008da1   Thumb Code    24  dcmpi.o(x$fpl$dcmpinf)
    __aeabi_ddiv                             0x08008db9   Thumb Code     0  ddiv.o(x$fpl$ddiv)
    _ddiv                                    0x08008db9   Thumb Code   552  ddiv.o(x$fpl$ddiv)
    __aeabi_d2iz                             0x08009069   Thumb Code     0  dfix.o(x$fpl$dfix)
    _dfix                                    0x08009069   Thumb Code    94  dfix.o(x$fpl$dfix)
    __aeabi_d2uiz                            0x080090c9   Thumb Code     0  dfixu.o(x$fpl$dfixu)
    _dfixu                                   0x080090c9   Thumb Code    90  dfixu.o(x$fpl$dfixu)
    __aeabi_i2d                              0x08009123   Thumb Code     0  dflt_clz.o(x$fpl$dflt)
    _dflt                                    0x08009123   Thumb Code    46  dflt_clz.o(x$fpl$dflt)
    __aeabi_cdcmple                          0x08009151   Thumb Code     0  dleqf.o(x$fpl$dleqf)
    _dcmple                                  0x08009151   Thumb Code   120  dleqf.o(x$fpl$dleqf)
    __fpl_dcmple_InfNaN                      0x080091b3   Thumb Code     0  dleqf.o(x$fpl$dleqf)
    __aeabi_dmul                             0x080091c9   Thumb Code     0  dmul.o(x$fpl$dmul)
    _dmul                                    0x080091c9   Thumb Code   332  dmul.o(x$fpl$dmul)
    __fpl_dnaninf                            0x0800931d   Thumb Code   156  dnaninf.o(x$fpl$dnaninf)
    __fpl_dretinf                            0x080093b9   Thumb Code    12  dretinf.o(x$fpl$dretinf)
    __aeabi_cdrcmple                         0x080093c5   Thumb Code     0  drleqf.o(x$fpl$drleqf)
    _drcmple                                 0x080093c5   Thumb Code   108  drleqf.o(x$fpl$drleqf)
    __aeabi_drsub                            0x08009431   Thumb Code     0  daddsub_clz.o(x$fpl$drsb)
    _drsb                                    0x08009431   Thumb Code    22  daddsub_clz.o(x$fpl$drsb)
    _dsqrt                                   0x08009449   Thumb Code   456  dsqrt_noumaal.o(x$fpl$dsqrt)
    __aeabi_dsub                             0x08009615   Thumb Code     0  daddsub_clz.o(x$fpl$dsub)
    _dsub                                    0x08009615   Thumb Code   464  daddsub_clz.o(x$fpl$dsub)
    __aeabi_f2d                              0x080097e9   Thumb Code     0  f2d.o(x$fpl$f2d)
    _f2d                                     0x080097e9   Thumb Code    86  f2d.o(x$fpl$f2d)
    __aeabi_fadd                             0x08009841   Thumb Code     0  faddsub_clz.o(x$fpl$fadd)
    _fadd                                    0x08009841   Thumb Code   196  faddsub_clz.o(x$fpl$fadd)
    __fpl_fcheck_NaN1                        0x08009905   Thumb Code     6  fcheck1.o(x$fpl$fcheck1)
    __aeabi_fdiv                             0x08009911   Thumb Code     0  fdiv.o(x$fpl$fdiv)
    _fdiv                                    0x08009911   Thumb Code   384  fdiv.o(x$fpl$fdiv)
    __aeabi_f2uiz                            0x08009a95   Thumb Code     0  ffixu.o(x$fpl$ffixu)
    _ffixu                                   0x08009a95   Thumb Code    62  ffixu.o(x$fpl$ffixu)
    __aeabi_ui2f                             0x08009ad5   Thumb Code     0  fflt_clz.o(x$fpl$ffltu)
    _ffltu                                   0x08009ad5   Thumb Code    38  fflt_clz.o(x$fpl$ffltu)
    __aeabi_fmul                             0x08009afd   Thumb Code     0  fmul.o(x$fpl$fmul)
    _fmul                                    0x08009afd   Thumb Code   258  fmul.o(x$fpl$fmul)
    __fpl_fnaninf                            0x08009bff   Thumb Code   140  fnaninf.o(x$fpl$fnaninf)
    __fpl_fretinf                            0x08009c8b   Thumb Code    10  fretinf.o(x$fpl$fretinf)
    __aeabi_fsub                             0x08009c95   Thumb Code     0  faddsub_clz.o(x$fpl$fsub)
    _fsub                                    0x08009c95   Thumb Code   234  faddsub_clz.o(x$fpl$fsub)
    _printf_fp_dec                           0x08009d7f   Thumb Code     4  printf1.o(x$fpl$printf1)
    __fpl_return_NaN                         0x08009d83   Thumb Code   100  retnan.o(x$fpl$retnan)
    __ARM_scalbn                             0x08009de7   Thumb Code    92  scalbn.o(x$fpl$scalbn)
    __ARM_scalbnf                            0x08009e43   Thumb Code    76  scalbnf.o(x$fpl$scalbnf)
    __fpl_cmpreturn                          0x08009e8f   Thumb Code    48  trapv.o(x$fpl$trapveneer)
    __I$use$fp                               0x08009ebe   Number         0  usenofp.o(x$fpl$usenofp)
    AHBPrescTable                            0x08009ee2   Data          16  system_stm32f1xx.o(.constdata)
    APBPrescTable                            0x08009ef2   Data           8  system_stm32f1xx.o(.constdata)
    asc2_0806                                0x08009efa   Data         552  oled.o(.constdata)
    asc2_1206                                0x0800a122   Data        1140  oled.o(.constdata)
    asc2_1608                                0x0800a596   Data        1520  oled.o(.constdata)
    asc2_2412                                0x0800ab86   Data        3420  oled.o(.constdata)
    Hzk1                                     0x0800b8e2   Data        1568  oled.o(.constdata)
    Hzk2                                     0x0800bf02   Data          72  oled.o(.constdata)
    Hzk3                                     0x0800bf4a   Data         128  oled.o(.constdata)
    Hzk4                                     0x0800bfca   Data         512  oled.o(.constdata)
    __mathlib_zero                           0x0800c330   Data           8  qnan.o(.constdata)
    Region$$Table$$Base                      0x0800c414   Number         0  anon$$obj.o(Region$$Table)
    Region$$Table$$Limit                     0x0800c434   Number         0  anon$$obj.o(Region$$Table)
    __ctype                                  0x0800c441   Data           0  lc_ctype_c.o(locale$$data)
    OLED_MENU                                0x20000000   Data           1  main.o(.data)
    OLED_Submenu_Sensor                      0x20000001   Data           1  main.o(.data)
    OLED_Submenu_Threshold                   0x20000002   Data           1  main.o(.data)
    Cursor_pos                               0x20000003   Data           1  main.o(.data)
    OLED_Clear_Flag                          0x20000004   Data           1  main.o(.data)
    WifiOK_flag                              0x20000005   Data           1  main.o(.data)
    cloud_flag                               0x20000006   Data           1  main.o(.data)
    TH_Humi                                  0x20000007   Data           1  main.o(.data)
    TH_SoilHumi                              0x20000008   Data           1  main.o(.data)
    ALM_Temp                                 0x20000009   Data           1  main.o(.data)
    ALM_Humi                                 0x2000000a   Data           1  main.o(.data)
    ALM_CO2                                  0x2000000b   Data           1  main.o(.data)
    ALM_Lux                                  0x2000000c   Data           1  main.o(.data)
    ALM_SoilHumi                             0x2000000d   Data           1  main.o(.data)
    ALM_SoilPH                               0x2000000e   Data           1  main.o(.data)
    control_mode                             0x2000000f   Data           1  main.o(.data)
    PUMP_CtrlMode                            0x20000010   Data           1  main.o(.data)
    TH_EditMode                              0x20000011   Data           1  main.o(.data)
    led_on_state                             0x20000012   Data           1  main.o(.data)
    beep_on_state                            0x20000013   Data           1  main.o(.data)
    fan_on_state                             0x20000014   Data           1  main.o(.data)
    spray_on_state                           0x20000015   Data           1  main.o(.data)
    pump_on_state                            0x20000016   Data           1  main.o(.data)
    Sensor_Menu_Start                        0x20000017   Data           1  main.o(.data)
    Threshold_Menu_Start                     0x20000018   Data           1  main.o(.data)
    Device_Menu_Start                        0x20000019   Data           1  main.o(.data)
    temp                                     0x2000001a   Data           1  main.o(.data)
    humi                                     0x2000001b   Data           1  main.o(.data)
    Key_Val                                  0x2000001c   Data           1  main.o(.data)
    Key_Down                                 0x2000001d   Data           1  main.o(.data)
    Key_Old                                  0x2000001e   Data           1  main.o(.data)
    Key_Up                                   0x2000001f   Data           1  main.o(.data)
    Key_Slow_Down                            0x20000020   Data           1  main.o(.data)
    TH_Temp                                  0x20000022   Data           2  main.o(.data)
    TH_CO2                                   0x20000024   Data           2  main.o(.data)
    TH_Lux                                   0x20000026   Data           2  main.o(.data)
    TH_SoilPH_Low_x100                       0x20000028   Data           2  main.o(.data)
    TH_SoilPH_High_x100                      0x2000002a   Data           2  main.o(.data)
    lux                                      0x2000002c   Data           2  main.o(.data)
    soil_humi                                0x2000002e   Data           2  main.o(.data)
    co2_ppm                                  0x20000030   Data           2  main.o(.data)
    OLED_Slow_Down                           0x20000032   Data           2  main.o(.data)
    cloud_time                               0x20000034   Data           4  main.o(.data)
    TH_EditValue                             0x20000038   Data           4  main.o(.data)
    soil_ph                                  0x20000048   Data           4  main.o(.data)
    rev_ok                                   0x2000004c   Data           1  usart.o(.data)
    uwTickFreq                               0x20000050   Data           1  stm32f1xx_hal.o(.data)
    uwTickPrio                               0x20000054   Data           4  stm32f1xx_hal.o(.data)
    uwTick                                   0x20000058   Data           4  stm32f1xx_hal.o(.data)
    SystemCoreClock                          0x2000005c   Data           4  system_stm32f1xx.o(.data)
    Usart3_RxFlag                            0x20000061   Data           1  co2.o(.data)
    co2_rx_byte                              0x20000062   Data           1  co2.o(.data)
    rx_index                                 0x20000063   Data           1  co2.o(.data)
    Usart3_RxPacket                          0x20000064   Data           6  co2.o(.data)
    Led_Status                               0x2000006a   Data           1  led.o(.data)
    FAN_Status                               0x2000006b   Data           1  fan.o(.data)
    PUMP_Status                              0x2000006c   Data           1  pump.o(.data)
    SPRAY_Status                             0x2000006d   Data           1  spray.o(.data)
    BEEP_Status                              0x2000006e   Data           1  beep.o(.data)
    esp8266_cnt                              0x2000007c   Data           2  esp8266.o(.data)
    hadc1                                    0x20000080   Data          48  adc.o(.bss)
    hi2c1                                    0x200000b0   Data          84  i2c.o(.bss)
    htim4                                    0x20000104   Data          72  tim.o(.bss)
    huart1                                   0x2000014c   Data          72  usart.o(.bss)
    huart3                                   0x20000194   Data          72  usart.o(.bss)
    OLED_GRAM                                0x200001dc   Data        1152  oled.o(.bss)
    esp8266_buf                              0x2000065c   Data         512  esp8266.o(.bss)
    __libspace_start                         0x2000085c   Data          96  libspace.o(.bss)
    __temporary_stack_top$libspace           0x200008bc   Data           0  libspace.o(.bss)



==============================================================================

Memory Map of the image

  Image Entry point : 0x080000ed

  Load Region LR_IROM1 (Base: 0x08000000, Size: 0x0000c5e0, Max: 0x00010000, ABSOLUTE)

    Execution Region ER_IROM1 (Exec base: 0x08000000, Load base: 0x08000000, Size: 0x0000c560, Max: 0x00010000, ABSOLUTE)

    Exec Addr    Load Addr    Size         Type   Attr      Idx    E Section Name        Object

    0x08000000   0x08000000   0x000000ec   Data   RO            3    RESET               startup_stm32f103xb.o
    0x080000ec   0x080000ec   0x00000008   Code   RO         5285  * !!!main             c_w.l(__main.o)
    0x080000f4   0x080000f4   0x00000034   Code   RO         5755    !!!scatter          c_w.l(__scatter.o)
    0x08000128   0x08000128   0x0000001a   Code   RO         5757    !!handler_copy      c_w.l(__scatter_copy.o)
    0x08000142   0x08000142   0x00000002   PAD
    0x08000144   0x08000144   0x0000001c   Code   RO         5759    !!handler_zi        c_w.l(__scatter_zi.o)
    0x08000160   0x08000160   0x00000000   Code   RO         5254    .ARM.Collect$$_printf_percent$$00000000  c_w.l(_printf_percent.o)
    0x08000160   0x08000160   0x00000006   Code   RO         5252    .ARM.Collect$$_printf_percent$$00000003  c_w.l(_printf_f.o)
    0x08000166   0x08000166   0x00000006   Code   RO         5251    .ARM.Collect$$_printf_percent$$00000009  c_w.l(_printf_d.o)
    0x0800016c   0x0800016c   0x00000006   Code   RO         5249    .ARM.Collect$$_printf_percent$$00000014  c_w.l(_printf_s.o)
    0x08000172   0x08000172   0x00000004   Code   RO         5403    .ARM.Collect$$_printf_percent$$00000017  c_w.l(_printf_percent_end.o)
    0x08000176   0x08000176   0x00000002   Code   RO         5669    .ARM.Collect$$libinit$$00000000  c_w.l(libinit.o)
    0x08000178   0x08000178   0x00000000   Code   RO         5419    .ARM.Collect$$libinit$$00000002  c_w.l(libinit2.o)
    0x08000178   0x08000178   0x00000000   Code   RO         5421    .ARM.Collect$$libinit$$00000004  c_w.l(libinit2.o)
    0x08000178   0x08000178   0x00000008   Code   RO         5422    .ARM.Collect$$libinit$$00000005  c_w.l(libinit2.o)
    0x08000180   0x08000180   0x00000000   Code   RO         5424    .ARM.Collect$$libinit$$0000000A  c_w.l(libinit2.o)
    0x08000180   0x08000180   0x00000000   Code   RO         5426    .ARM.Collect$$libinit$$0000000C  c_w.l(libinit2.o)
    0x08000180   0x08000180   0x00000000   Code   RO         5428    .ARM.Collect$$libinit$$0000000E  c_w.l(libinit2.o)
    0x08000180   0x08000180   0x00000006   Code   RO         5429    .ARM.Collect$$libinit$$0000000F  c_w.l(libinit2.o)
    0x08000186   0x08000186   0x00000000   Code   RO         5431    .ARM.Collect$$libinit$$00000011  c_w.l(libinit2.o)
    0x08000186   0x08000186   0x0000000c   Code   RO         5432    .ARM.Collect$$libinit$$00000012  c_w.l(libinit2.o)
    0x08000192   0x08000192   0x00000000   Code   RO         5433    .ARM.Collect$$libinit$$00000013  c_w.l(libinit2.o)
    0x08000192   0x08000192   0x00000000   Code   RO         5435    .ARM.Collect$$libinit$$00000015  c_w.l(libinit2.o)
    0x08000192   0x08000192   0x0000000a   Code   RO         5436    .ARM.Collect$$libinit$$00000016  c_w.l(libinit2.o)
    0x0800019c   0x0800019c   0x00000000   Code   RO         5437    .ARM.Collect$$libinit$$00000017  c_w.l(libinit2.o)
    0x0800019c   0x0800019c   0x00000000   Code   RO         5439    .ARM.Collect$$libinit$$00000019  c_w.l(libinit2.o)
    0x0800019c   0x0800019c   0x00000000   Code   RO         5441    .ARM.Collect$$libinit$$0000001B  c_w.l(libinit2.o)
    0x0800019c   0x0800019c   0x00000000   Code   RO         5443    .ARM.Collect$$libinit$$0000001D  c_w.l(libinit2.o)
    0x0800019c   0x0800019c   0x00000000   Code   RO         5445    .ARM.Collect$$libinit$$0000001F  c_w.l(libinit2.o)
    0x0800019c   0x0800019c   0x00000000   Code   RO         5447    .ARM.Collect$$libinit$$00000021  c_w.l(libinit2.o)
    0x0800019c   0x0800019c   0x00000000   Code   RO         5449    .ARM.Collect$$libinit$$00000023  c_w.l(libinit2.o)
    0x0800019c   0x0800019c   0x00000000   Code   RO         5451    .ARM.Collect$$libinit$$00000025  c_w.l(libinit2.o)
    0x0800019c   0x0800019c   0x00000000   Code   RO         5455    .ARM.Collect$$libinit$$0000002C  c_w.l(libinit2.o)
    0x0800019c   0x0800019c   0x00000000   Code   RO         5457    .ARM.Collect$$libinit$$0000002E  c_w.l(libinit2.o)
    0x0800019c   0x0800019c   0x00000000   Code   RO         5459    .ARM.Collect$$libinit$$00000030  c_w.l(libinit2.o)
    0x0800019c   0x0800019c   0x00000000   Code   RO         5461    .ARM.Collect$$libinit$$00000032  c_w.l(libinit2.o)
    0x0800019c   0x0800019c   0x00000002   Code   RO         5462    .ARM.Collect$$libinit$$00000033  c_w.l(libinit2.o)
    0x0800019e   0x0800019e   0x00000002   Code   RO         5752    .ARM.Collect$$libshutdown$$00000000  c_w.l(libshutdown.o)
    0x080001a0   0x080001a0   0x00000000   Code   RO         5672    .ARM.Collect$$libshutdown$$00000003  c_w.l(libshutdown2.o)
    0x080001a0   0x080001a0   0x00000000   Code   RO         5675    .ARM.Collect$$libshutdown$$00000006  c_w.l(libshutdown2.o)
    0x080001a0   0x080001a0   0x00000000   Code   RO         5678    .ARM.Collect$$libshutdown$$00000009  c_w.l(libshutdown2.o)
    0x080001a0   0x080001a0   0x00000000   Code   RO         5680    .ARM.Collect$$libshutdown$$0000000B  c_w.l(libshutdown2.o)
    0x080001a0   0x080001a0   0x00000000   Code   RO         5683    .ARM.Collect$$libshutdown$$0000000E  c_w.l(libshutdown2.o)
    0x080001a0   0x080001a0   0x00000002   Code   RO         5684    .ARM.Collect$$libshutdown$$0000000F  c_w.l(libshutdown2.o)
    0x080001a2   0x080001a2   0x00000000   Code   RO         5359    .ARM.Collect$$rtentry$$00000000  c_w.l(__rtentry.o)
    0x080001a2   0x080001a2   0x00000000   Code   RO         5515    .ARM.Collect$$rtentry$$00000002  c_w.l(__rtentry2.o)
    0x080001a2   0x080001a2   0x00000006   Code   RO         5527    .ARM.Collect$$rtentry$$00000004  c_w.l(__rtentry4.o)
    0x080001a8   0x080001a8   0x00000000   Code   RO         5517    .ARM.Collect$$rtentry$$00000009  c_w.l(__rtentry2.o)
    0x080001a8   0x080001a8   0x00000004   Code   RO         5518    .ARM.Collect$$rtentry$$0000000A  c_w.l(__rtentry2.o)
    0x080001ac   0x080001ac   0x00000000   Code   RO         5520    .ARM.Collect$$rtentry$$0000000C  c_w.l(__rtentry2.o)
    0x080001ac   0x080001ac   0x00000008   Code   RO         5521    .ARM.Collect$$rtentry$$0000000D  c_w.l(__rtentry2.o)
    0x080001b4   0x080001b4   0x00000002   Code   RO         5691    .ARM.Collect$$rtexit$$00000000  c_w.l(rtexit.o)
    0x080001b6   0x080001b6   0x00000000   Code   RO         5718    .ARM.Collect$$rtexit$$00000002  c_w.l(rtexit2.o)
    0x080001b6   0x080001b6   0x00000004   Code   RO         5719    .ARM.Collect$$rtexit$$00000003  c_w.l(rtexit2.o)
    0x080001ba   0x080001ba   0x00000006   Code   RO         5720    .ARM.Collect$$rtexit$$00000004  c_w.l(rtexit2.o)
    0x080001c0   0x080001c0   0x00000000   Code   RO         5541    .emb_text           c_w.l(maybetermalloc1.o)
    0x080001c0   0x080001c0   0x00000040   Code   RO            4    .text               startup_stm32f103xb.o
    0x08000200   0x08000200   0x0000005e   Code   RO         5126    .text               c_w.l(h1_alloc.o)
    0x0800025e   0x0800025e   0x0000004e   Code   RO         5128    .text               c_w.l(h1_free.o)
    0x080002ac   0x080002ac   0x0000001a   Code   RO         5186    .text               c_w.l(tolower.o)
    0x080002c6   0x080002c6   0x00000002   PAD
    0x080002c8   0x080002c8   0x00000028   Code   RO         5196    .text               c_w.l(noretval__2sprintf.o)
    0x080002f0   0x080002f0   0x00000034   Code   RO         5198    .text               c_w.l(noretval__2snprintf.o)
    0x08000324   0x08000324   0x00000052   Code   RO         5204    .text               c_w.l(_printf_str.o)
    0x08000376   0x08000376   0x00000002   PAD
    0x08000378   0x08000378   0x00000078   Code   RO         5206    .text               c_w.l(_printf_dec.o)
    0x080003f0   0x080003f0   0x00000138   Code   RO         5241    .text               c_w.l(__printf_flags_wp.o)
    0x08000528   0x08000528   0x00000014   Code   RO         5261    .text               c_w.l(strchr.o)
    0x0800053c   0x0800053c   0x00000024   Code   RO         5263    .text               c_w.l(strncat.o)
    0x08000560   0x08000560   0x00000024   Code   RO         5265    .text               c_w.l(strstr.o)
    0x08000584   0x08000584   0x00000048   Code   RO         5267    .text               c_w.l(strcpy.o)
    0x080005cc   0x080005cc   0x0000003e   Code   RO         5269    .text               c_w.l(strlen.o)
    0x0800060a   0x0800060a   0x00000096   Code   RO         5271    .text               c_w.l(strncmp.o)
    0x080006a0   0x080006a0   0x00000018   Code   RO         5273    .text               c_w.l(strcat.o)
    0x080006b8   0x080006b8   0x0000008a   Code   RO         5275    .text               c_w.l(rt_memcpy_v6.o)
    0x08000742   0x08000742   0x00000064   Code   RO         5277    .text               c_w.l(rt_memcpy_w.o)
    0x080007a6   0x080007a6   0x00000044   Code   RO         5279    .text               c_w.l(rt_memclr.o)
    0x080007ea   0x080007ea   0x0000004e   Code   RO         5281    .text               c_w.l(rt_memclr_w.o)
    0x08000838   0x08000838   0x00000006   Code   RO         5283    .text               c_w.l(heapauxi.o)
    0x0800083e   0x0800083e   0x00000002   PAD
    0x08000840   0x08000840   0x00000010   Code   RO         5360    .text               c_w.l(rt_ctype_table.o)
    0x08000850   0x08000850   0x00000008   Code   RO         5365    .text               c_w.l(rt_heap_descriptor_intlibspace.o)
    0x08000858   0x08000858   0x00000004   Code   RO         5367    .text               c_w.l(hguard.o)
    0x0800085c   0x0800085c   0x0000008a   Code   RO         5369    .text               c_w.l(init_alloc.o)
    0x080008e6   0x080008e6   0x0000000e   Code   RO         5373    .text               c_w.l(h1_init.o)
    0x080008f4   0x080008f4   0x00000016   Code   RO         5387    .text               c_w.l(_rserrno.o)
    0x0800090a   0x0800090a   0x000000b2   Code   RO         5389    .text               c_w.l(_printf_intcommon.o)
    0x080009bc   0x080009bc   0x0000041a   Code   RO         5391    .text               c_w.l(_printf_fp_dec.o)
    0x08000dd6   0x08000dd6   0x00000002   PAD
    0x08000dd8   0x08000dd8   0x00000030   Code   RO         5393    .text               c_w.l(_printf_char_common.o)
    0x08000e08   0x08000e08   0x0000000a   Code   RO         5395    .text               c_w.l(_sputc.o)
    0x08000e12   0x08000e12   0x00000010   Code   RO         5397    .text               c_w.l(_snputc.o)
    0x08000e22   0x08000e22   0x0000002c   Code   RO         5399    .text               c_w.l(_printf_char.o)
    0x08000e4e   0x08000e4e   0x00000002   PAD
    0x08000e50   0x08000e50   0x00000008   Code   RO         5511    .text               c_w.l(libspace.o)
    0x08000e58   0x08000e58   0x00000008   Code   RO         5532    .text               c_w.l(rt_locale_intlibspace.o)
    0x08000e60   0x08000e60   0x00000008   Code   RO         5537    .text               c_w.l(rt_errno_addr_intlibspace.o)
    0x08000e68   0x08000e68   0x00000034   Code   RO         5543    .text               c_w.l(h1_extend.o)
    0x08000e9c   0x08000e9c   0x0000008a   Code   RO         5547    .text               c_w.l(lludiv10.o)
    0x08000f26   0x08000f26   0x00000002   PAD
    0x08000f28   0x08000f28   0x00000080   Code   RO         5551    .text               c_w.l(_printf_fp_infnan.o)
    0x08000fa8   0x08000fa8   0x000000dc   Code   RO         5557    .text               c_w.l(bigflt0.o)
    0x08001084   0x08001084   0x0000000e   Code   RO         5602    .text               c_w.l(defsig_rtmem_outer.o)
    0x08001092   0x08001092   0x00000002   Code   RO         5626    .text               c_w.l(use_no_semi.o)
    0x08001094   0x08001094   0x00000000   Code   RO         5628    .text               c_w.l(indicate_semi.o)
    0x08001094   0x08001094   0x0000004a   Code   RO         5629    .text               c_w.l(sys_stackheap_outer.o)
    0x080010de   0x080010de   0x0000000c   Code   RO         5648    .text               c_w.l(exit.o)
    0x080010ea   0x080010ea   0x0000000a   Code   RO         5650    .text               c_w.l(defsig_exit.o)
    0x080010f4   0x080010f4   0x00000050   Code   RO         5656    .text               c_w.l(defsig_rtmem_inner.o)
    0x08001144   0x08001144   0x00000080   Code   RO         5658    .text               c_w.l(strcmpv7m.o)
    0x080011c4   0x080011c4   0x0000000c   Code   RO         5689    .text               c_w.l(sys_exit.o)
    0x080011d0   0x080011d0   0x00000032   Code   RO         5709    .text               c_w.l(defsig_general.o)
    0x08001202   0x08001202   0x0000000e   Code   RO         5715    .text               c_w.l(sys_wrch.o)
    0x08001210   0x08001210   0x0000003e   Code   RO         5560    CL$$btod_d2e        c_w.l(btod.o)
    0x0800124e   0x0800124e   0x00000046   Code   RO         5562    CL$$btod_d2e_denorm_low  c_w.l(btod.o)
    0x08001294   0x08001294   0x00000060   Code   RO         5561    CL$$btod_d2e_norm_op1  c_w.l(btod.o)
    0x080012f4   0x080012f4   0x00000338   Code   RO         5570    CL$$btod_div_common  c_w.l(btod.o)
    0x0800162c   0x0800162c   0x000000c6   Code   RO         5567    CL$$btod_e2e        c_w.l(btod.o)
    0x080016f2   0x080016f2   0x00000028   Code   RO         5564    CL$$btod_ediv       c_w.l(btod.o)
    0x0800171a   0x0800171a   0x00000028   Code   RO         5563    CL$$btod_emul       c_w.l(btod.o)
    0x08001742   0x08001742   0x00000244   Code   RO         5569    CL$$btod_mult_common  c_w.l(btod.o)
    0x08001986   0x08001986   0x00000054   Code   RO          678    i.ADC_ConversionStop_Disable  stm32f1xx_hal_adc.o
    0x080019da   0x080019da   0x00000002   PAD
    0x080019dc   0x080019dc   0x00000078   Code   RO          682    i.ADC_Enable        stm32f1xx_hal_adc.o
    0x08001a54   0x08001a54   0x00000050   Code   RO         3911    i.ADC_GetValue      adcx.o
    0x08001aa4   0x08001aa4   0x000001dc   Code   RO           13    i.APPInit           main.o
    0x08001c80   0x08001c80   0x000000d4   Code   RO           14    i.AutoControl_Task  main.o
    0x08001d54   0x08001d54   0x0000012c   Code   RO         4928    i.BASE64_Decode     base64.o
    0x08001e80   0x08001e80   0x00000114   Code   RO         4929    i.BASE64_Encode     base64.o
    0x08001f94   0x08001f94   0x00000020   Code   RO         4307    i.BEEP_Set          beep.o
    0x08001fb4   0x08001fb4   0x00000078   Code   RO         3742    i.Boot_ChargingUI   oled.o
    0x0800202c   0x0800202c   0x00000002   Code   RO          524    i.BusFault_Handler  stm32f1xx_it.o
    0x0800202e   0x0800202e   0x00000002   PAD
    0x08002030   0x08002030   0x0000001c   Code   RO         4085    i.CO2GetData        co2.o
    0x0800204c   0x0800204c   0x00000044   Code   RO         4086    i.CO2_ParseByte     co2.o
    0x08002090   0x08002090   0x0000001c   Code   RO         4087    i.CO2_UART_StartReceive  co2.o
    0x080020ac   0x080020ac   0x0000005c   Code   RO         3977    i.DHT11_Check       dht11.o
    0x08002108   0x08002108   0x00000034   Code   RO         3978    i.DHT11_DWT_Init    dht11.o
    0x0800213c   0x0800213c   0x00000038   Code   RO         3979    i.DHT11_DelayUs     dht11.o
    0x08002174   0x08002174   0x00000028   Code   RO         3980    i.DHT11_Init        dht11.o
    0x0800219c   0x0800219c   0x00000024   Code   RO         3981    i.DHT11_Mode        dht11.o
    0x080021c0   0x080021c0   0x00000058   Code   RO         3982    i.DHT11_Read_Bit    dht11.o
    0x08002218   0x08002218   0x0000001a   Code   RO         3983    i.DHT11_Read_Byte   dht11.o
    0x08002232   0x08002232   0x00000050   Code   RO         3984    i.DHT11_Read_Data   dht11.o
    0x08002282   0x08002282   0x00000002   PAD
    0x08002284   0x08002284   0x00000034   Code   RO         3985    i.DHT11_Rst         dht11.o
    0x080022b8   0x080022b8   0x00000002   Code   RO          525    i.DebugMon_Handler  stm32f1xx_it.o
    0x080022ba   0x080022ba   0x00000002   PAD
    0x080022bc   0x080022bc   0x0000001c   Code   RO         4681    i.ESP8266_Clear     esp8266.o
    0x080022d8   0x080022d8   0x00000014   Code   RO         4682    i.ESP8266_EN        esp8266.o
    0x080022ec   0x080022ec   0x00000040   Code   RO         4683    i.ESP8266_GetIPD    esp8266.o
    0x0800232c   0x0800232c   0x00000124   Code   RO         4684    i.ESP8266_Init      esp8266.o
    0x08002450   0x08002450   0x0000004c   Code   RO         4685    i.ESP8266_SendCmd   esp8266.o
    0x0800249c   0x0800249c   0x0000004c   Code   RO         4686    i.ESP8266_SendData  esp8266.o
    0x080024e8   0x080024e8   0x00000018   Code   RO         4687    i.ESP8266_WaitRecive  esp8266.o
    0x08002500   0x08002500   0x00000004   Code   RO           15    i.Error_Handler     main.o
    0x08002504   0x08002504   0x00000020   Code   RO         4190    i.FAN_Set           fan.o
    0x08002524   0x08002524   0x000000d8   Code   RO          858    i.HAL_ADCEx_Calibration_Start  stm32f1xx_hal_adc_ex.o
    0x080025fc   0x080025fc   0x000000fc   Code   RO          684    i.HAL_ADC_ConfigChannel  stm32f1xx_hal_adc.o
    0x080026f8   0x080026f8   0x00000006   Code   RO          691    i.HAL_ADC_GetValue  stm32f1xx_hal_adc.o
    0x080026fe   0x080026fe   0x00000002   PAD
    0x08002700   0x08002700   0x0000011c   Code   RO          693    i.HAL_ADC_Init      stm32f1xx_hal_adc.o
    0x0800281c   0x0800281c   0x00000058   Code   RO          333    i.HAL_ADC_MspInit   adc.o
    0x08002874   0x08002874   0x0000013c   Code   RO          697    i.HAL_ADC_PollForConversion  stm32f1xx_hal_adc.o
    0x080029b0   0x080029b0   0x000000c0   Code   RO          699    i.HAL_ADC_Start     stm32f1xx_hal_adc.o
    0x08002a70   0x08002a70   0x00000034   Code   RO          702    i.HAL_ADC_Stop      stm32f1xx_hal_adc.o
    0x08002aa4   0x08002aa4   0x00000046   Code   RO         1335    i.HAL_DMA_Abort     stm32f1xx_hal_dma.o
    0x08002aea   0x08002aea   0x00000002   PAD
    0x08002aec   0x08002aec   0x00000098   Code   RO         1336    i.HAL_DMA_Abort_IT  stm32f1xx_hal_dma.o
    0x08002b84   0x08002b84   0x00000024   Code   RO          961    i.HAL_Delay         stm32f1xx_hal.o
    0x08002ba8   0x08002ba8   0x000001cc   Code   RO         1271    i.HAL_GPIO_Init     stm32f1xx_hal_gpio.o
    0x08002d74   0x08002d74   0x0000000a   Code   RO         1273    i.HAL_GPIO_ReadPin  stm32f1xx_hal_gpio.o
    0x08002d7e   0x08002d7e   0x0000000a   Code   RO         1275    i.HAL_GPIO_WritePin  stm32f1xx_hal_gpio.o
    0x08002d88   0x08002d88   0x0000000c   Code   RO          965    i.HAL_GetTick       stm32f1xx_hal.o
    0x08002d94   0x08002d94   0x00000188   Code   RO         1942    i.HAL_I2C_Init      stm32f1xx_hal_i2c.o
    0x08002f1c   0x08002f1c   0x0000012c   Code   RO         1955    i.HAL_I2C_Master_Transmit  stm32f1xx_hal_i2c.o
    0x08003048   0x08003048   0x00000070   Code   RO          375    i.HAL_I2C_MspInit   i2c.o
    0x080030b8   0x080030b8   0x00000010   Code   RO          971    i.HAL_IncTick       stm32f1xx_hal.o
    0x080030c8   0x080030c8   0x00000024   Code   RO          972    i.HAL_Init          stm32f1xx_hal.o
    0x080030ec   0x080030ec   0x00000040   Code   RO          973    i.HAL_InitTick      stm32f1xx_hal.o
    0x0800312c   0x0800312c   0x0000003c   Code   RO          618    i.HAL_MspInit       stm32f1xx_hal_msp.o
    0x08003168   0x08003168   0x0000001a   Code   RO         1431    i.HAL_NVIC_EnableIRQ  stm32f1xx_hal_cortex.o
    0x08003182   0x08003182   0x00000002   PAD
    0x08003184   0x08003184   0x00000040   Code   RO         1437    i.HAL_NVIC_SetPriority  stm32f1xx_hal_cortex.o
    0x080031c4   0x080031c4   0x00000024   Code   RO         1438    i.HAL_NVIC_SetPriorityGrouping  stm32f1xx_hal_cortex.o
    0x080031e8   0x080031e8   0x000000a4   Code   RO         1232    i.HAL_RCCEx_GetPeriphCLKFreq  stm32f1xx_hal_rcc_ex.o
    0x0800328c   0x0800328c   0x000000e8   Code   RO         1233    i.HAL_RCCEx_PeriphCLKConfig  stm32f1xx_hal_rcc_ex.o
    0x08003374   0x08003374   0x00000138   Code   RO         1129    i.HAL_RCC_ClockConfig  stm32f1xx_hal_rcc.o
    0x080034ac   0x080034ac   0x00000020   Code   RO         1136    i.HAL_RCC_GetPCLK1Freq  stm32f1xx_hal_rcc.o
    0x080034cc   0x080034cc   0x00000020   Code   RO         1137    i.HAL_RCC_GetPCLK2Freq  stm32f1xx_hal_rcc.o
    0x080034ec   0x080034ec   0x0000004c   Code   RO         1138    i.HAL_RCC_GetSysClockFreq  stm32f1xx_hal_rcc.o
    0x08003538   0x08003538   0x00000318   Code   RO         1141    i.HAL_RCC_OscConfig  stm32f1xx_hal_rcc.o
    0x08003850   0x08003850   0x00000028   Code   RO         1442    i.HAL_SYSTICK_Config  stm32f1xx_hal_cortex.o
    0x08003878   0x08003878   0x00000002   Code   RO         3074    i.HAL_TIMEx_BreakCallback  stm32f1xx_hal_tim_ex.o
    0x0800387a   0x0800387a   0x00000002   Code   RO         3075    i.HAL_TIMEx_CommutCallback  stm32f1xx_hal_tim_ex.o
    0x0800387c   0x0800387c   0x00000068   Code   RO         3093    i.HAL_TIMEx_MasterConfigSynchronization  stm32f1xx_hal_tim_ex.o
    0x080038e4   0x080038e4   0x0000005a   Code   RO         2370    i.HAL_TIM_Base_Init  stm32f1xx_hal_tim.o
    0x0800393e   0x0800393e   0x00000002   PAD
    0x08003940   0x08003940   0x0000003c   Code   RO          417    i.HAL_TIM_Base_MspInit  tim.o
    0x0800397c   0x0800397c   0x00000058   Code   RO         2375    i.HAL_TIM_Base_Start_IT  stm32f1xx_hal_tim.o
    0x080039d4   0x080039d4   0x000000dc   Code   RO         2379    i.HAL_TIM_ConfigClockSource  stm32f1xx_hal_tim.o
    0x08003ab0   0x08003ab0   0x00000002   Code   RO         2404    i.HAL_TIM_IC_CaptureCallback  stm32f1xx_hal_tim.o
    0x08003ab2   0x08003ab2   0x00000130   Code   RO         2418    i.HAL_TIM_IRQHandler  stm32f1xx_hal_tim.o
    0x08003be2   0x08003be2   0x00000002   Code   RO         2421    i.HAL_TIM_OC_DelayElapsedCallback  stm32f1xx_hal_tim.o
    0x08003be4   0x08003be4   0x00000002   Code   RO         2448    i.HAL_TIM_PWM_PulseFinishedCallback  stm32f1xx_hal_tim.o
    0x08003be6   0x08003be6   0x00000002   PAD
    0x08003be8   0x08003be8   0x0000007c   Code   RO           16    i.HAL_TIM_PeriodElapsedCallback  main.o
    0x08003c64   0x08003c64   0x00000002   Code   RO         2461    i.HAL_TIM_TriggerCallback  stm32f1xx_hal_tim.o
    0x08003c66   0x08003c66   0x00000056   Code   RO         3352    i.HAL_UARTEx_ReceiveToIdle_IT  stm32f1xx_hal_uart.o
    0x08003cbc   0x08003cbc   0x00000024   Code   RO          458    i.HAL_UARTEx_RxEventCallback  usart.o
    0x08003ce0   0x08003ce0   0x00000002   Code   RO         3367    i.HAL_UART_ErrorCallback  stm32f1xx_hal_uart.o
    0x08003ce2   0x08003ce2   0x00000002   PAD
    0x08003ce4   0x08003ce4   0x0000026c   Code   RO         3370    i.HAL_UART_IRQHandler  stm32f1xx_hal_uart.o
    0x08003f50   0x08003f50   0x00000064   Code   RO         3371    i.HAL_UART_Init     stm32f1xx_hal_uart.o
    0x08003fb4   0x08003fb4   0x000000dc   Code   RO          460    i.HAL_UART_MspInit  usart.o
    0x08004090   0x08004090   0x0000001c   Code   RO         3376    i.HAL_UART_Receive_IT  stm32f1xx_hal_uart.o
    0x080040ac   0x080040ac   0x00000028   Code   RO          461    i.HAL_UART_RxCpltCallback  usart.o
    0x080040d4   0x080040d4   0x000000a0   Code   RO         3379    i.HAL_UART_Transmit  stm32f1xx_hal_uart.o
    0x08004174   0x08004174   0x00000002   Code   RO         3382    i.HAL_UART_TxCpltCallback  stm32f1xx_hal_uart.o
    0x08004176   0x08004176   0x00000002   Code   RO          526    i.HardFault_Handler  stm32f1xx_it.o
    0x08004178   0x08004178   0x0000002e   Code   RO         1985    i.I2C_IsAcknowledgeFailed  stm32f1xx_hal_i2c.o
    0x080041a6   0x080041a6   0x00000002   PAD
    0x080041a8   0x080041a8   0x0000009c   Code   RO         1989    i.I2C_MasterRequestWrite  stm32f1xx_hal_i2c.o
    0x08004244   0x08004244   0x00000056   Code   RO         2000    i.I2C_WaitOnBTFFlagUntilTimeout  stm32f1xx_hal_i2c.o
    0x0800429a   0x0800429a   0x00000088   Code   RO         2001    i.I2C_WaitOnFlagUntilTimeout  stm32f1xx_hal_i2c.o
    0x08004322   0x08004322   0x000000ba   Code   RO         2002    i.I2C_WaitOnMasterAddressFlagUntilTimeout  stm32f1xx_hal_i2c.o
    0x080043dc   0x080043dc   0x00000056   Code   RO         2004    i.I2C_WaitOnTXEFlagUntilTimeout  stm32f1xx_hal_i2c.o
    0x08004432   0x08004432   0x00000002   PAD
    0x08004434   0x08004434   0x00000044   Code   RO         4280    i.Key_Read          key.o
    0x08004478   0x08004478   0x0000034c   Code   RO           17    i.Key_Task          main.o
    0x080047c4   0x080047c4   0x00000020   Code   RO         4160    i.Led_Set           led.o
    0x080047e4   0x080047e4   0x00000028   Code   RO         3944    i.Light_Average_Data  light.o
    0x0800480c   0x0800480c   0x0000006c   Code   RO         3945    i.Light_LuxData     light.o
    0x08004878   0x08004878   0x0000001c   Code   RO         4745    i.MQTT_DeleteBuffer  mqttkit.o
    0x08004894   0x08004894   0x00000022   Code   RO         4746    i.MQTT_DumpLength   mqttkit.o
    0x080048b6   0x080048b6   0x00000052   Code   RO         4747    i.MQTT_NewBuffer    mqttkit.o
    0x08004908   0x08004908   0x00000264   Code   RO         4749    i.MQTT_PacketConnect  mqttkit.o
    0x08004b6c   0x08004b6c   0x00000158   Code   RO         4752    i.MQTT_PacketPublish  mqttkit.o
    0x08004cc4   0x08004cc4   0x00000058   Code   RO         4758    i.MQTT_PacketSaveData  mqttkit.o
    0x08004d1c   0x08004d1c   0x000000de   Code   RO         4759    i.MQTT_PacketSubscribe  mqttkit.o
    0x08004dfa   0x08004dfa   0x0000003e   Code   RO         4761    i.MQTT_ReadLength   mqttkit.o
    0x08004e38   0x08004e38   0x0000001a   Code   RO         4763    i.MQTT_UnPacketConnectAck  mqttkit.o
    0x08004e52   0x08004e52   0x00000002   PAD
    0x08004e54   0x08004e54   0x00000150   Code   RO         4764    i.MQTT_UnPacketPublish  mqttkit.o
    0x08004fa4   0x08004fa4   0x00000018   Code   RO         4765    i.MQTT_UnPacketPublishAck  mqttkit.o
    0x08004fbc   0x08004fbc   0x00000060   Code   RO         4769    i.MQTT_UnPacketRecv  mqttkit.o
    0x0800501c   0x0800501c   0x0000002c   Code   RO         4770    i.MQTT_UnPacketSubscribe  mqttkit.o
    0x08005048   0x08005048   0x00000050   Code   RO          334    i.MX_ADC1_Init      adc.o
    0x08005098   0x08005098   0x000000d8   Code   RO          304    i.MX_GPIO_Init      gpio.o
    0x08005170   0x08005170   0x00000040   Code   RO          376    i.MX_I2C1_Init      i2c.o
    0x080051b0   0x080051b0   0x00000068   Code   RO          418    i.MX_TIM4_Init      tim.o
    0x08005218   0x08005218   0x00000038   Code   RO          462    i.MX_USART1_UART_Init  usart.o
    0x08005250   0x08005250   0x00000038   Code   RO          463    i.MX_USART3_UART_Init  usart.o
    0x08005288   0x08005288   0x00000002   Code   RO          527    i.MemManage_Handler  stm32f1xx_it.o
    0x0800528a   0x0800528a   0x00000002   Code   RO          528    i.NMI_Handler       stm32f1xx_it.o
    0x0800528c   0x0800528c   0x0000002c   Code   RO         3743    i.OLED_Clear        oled.o
    0x080052b8   0x080052b8   0x00000098   Code   RO         3749    i.OLED_DrawLine     oled.o
    0x08005350   0x08005350   0x0000002c   Code   RO         3750    i.OLED_DrawPoint    oled.o
    0x0800537c   0x0800537c   0x0000009e   Code   RO         3751    i.OLED_DrawProgressBar  oled.o
    0x0800541a   0x0800541a   0x00000054   Code   RO         3752    i.OLED_DrawRect     oled.o
    0x0800546e   0x0800546e   0x000000e4   Code   RO         3753    i.OLED_Init         oled.o
    0x08005552   0x08005552   0x00000010   Code   RO         3754    i.OLED_Pow          oled.o
    0x08005562   0x08005562   0x00000002   PAD
    0x08005564   0x08005564   0x00000064   Code   RO         3755    i.OLED_Refresh      oled.o
    0x080055c8   0x080055c8   0x000000dc   Code   RO         3757    i.OLED_ShowChar     oled.o
    0x080056a4   0x080056a4   0x000000bc   Code   RO         3758    i.OLED_ShowChinese  oled.o
    0x08005760   0x08005760   0x0000006e   Code   RO         3759    i.OLED_ShowNum      oled.o
    0x080057ce   0x080057ce   0x0000003c   Code   RO         3761    i.OLED_ShowString   oled.o
    0x0800580a   0x0800580a   0x00000002   PAD
    0x0800580c   0x0800580c   0x00000024   Code   RO         3762    i.OLED_WR_Byte      oled.o
    0x08005830   0x08005830   0x000000d0   Code   RO         5019    i.OTA_UrlEncode     onenet.o
    0x08005900   0x08005900   0x00000c8c   Code   RO           18    i.Oled_Task         main.o
    0x0800658c   0x0800658c   0x00000198   Code   RO         5020    i.OneNET_Authorization  onenet.o
    0x08006724   0x08006724   0x00000080   Code   RO         5023    i.OneNET_Subscribe  onenet.o
    0x080067a4   0x080067a4   0x000000d0   Code   RO         5024    i.OneNet_DevLink    onenet.o
    0x08006874   0x08006874   0x000004a4   Code   RO         5025    i.OneNet_FillBuf    onenet.o
    0x08006d18   0x08006d18   0x000002d0   Code   RO         5026    i.OneNet_RevPro     onenet.o
    0x08006fe8   0x08006fe8   0x00000080   Code   RO         5027    i.OneNet_SendData   onenet.o
    0x08007068   0x08007068   0x00000030   Code   RO           19    i.OneNet_Task       main.o
    0x08007098   0x08007098   0x00000008   Code   RO         4127    i.PH_ADC_Read       ph.o
    0x080070a0   0x080070a0   0x00000070   Code   RO         4128    i.PH_GetData        ph.o
    0x08007110   0x08007110   0x00000020   Code   RO         4220    i.PUMP_Set          pump.o
    0x08007130   0x08007130   0x00000002   Code   RO          529    i.PendSV_Handler    stm32f1xx_it.o
    0x08007132   0x08007132   0x00000002   PAD
    0x08007134   0x08007134   0x00000020   Code   RO         4250    i.SPRAY_Set         spray.o
    0x08007154   0x08007154   0x00000002   Code   RO          530    i.SVC_Handler       stm32f1xx_it.o
    0x08007156   0x08007156   0x00000002   PAD
    0x08007158   0x08007158   0x00000070   Code   RO           20    i.Sensor_Task       main.o
    0x080071c8   0x080071c8   0x00000040   Code   RO         4052    i.Soil_Humidity_GetData  soil_humidity.o
    0x08007208   0x08007208   0x00000028   Code   RO         4053    i.Soil_Humidity_GetRaw  soil_humidity.o
    0x08007230   0x08007230   0x00000004   Code   RO          531    i.SysTick_Handler   stm32f1xx_it.o
    0x08007234   0x08007234   0x0000007a   Code   RO           21    i.SystemClock_Config  main.o
    0x080072ae   0x080072ae   0x00000002   Code   RO         3705    i.SystemInit        system_stm32f1xx.o
    0x080072b0   0x080072b0   0x00000038   Code   RO           22    i.TH_SetValueBySub  main.o
    0x080072e8   0x080072e8   0x00000020   Code   RO           23    i.TH_StepBySub      main.o
    0x08007308   0x08007308   0x0000000c   Code   RO          532    i.TIM4_IRQHandler   stm32f1xx_it.o
    0x08007314   0x08007314   0x00000078   Code   RO         2463    i.TIM_Base_SetConfig  stm32f1xx_hal_tim.o
    0x0800738c   0x0800738c   0x00000014   Code   RO         2474    i.TIM_ETR_SetConfig  stm32f1xx_hal_tim.o
    0x080073a0   0x080073a0   0x00000010   Code   RO         2475    i.TIM_ITRx_SetConfig  stm32f1xx_hal_tim.o
    0x080073b0   0x080073b0   0x00000022   Code   RO         2481    i.TIM_TI1_ConfigInputStage  stm32f1xx_hal_tim.o
    0x080073d2   0x080073d2   0x00000024   Code   RO         2483    i.TIM_TI2_ConfigInputStage  stm32f1xx_hal_tim.o
    0x080073f6   0x080073f6   0x00000010   Code   RO         3384    i.UART_DMAAbortOnError  stm32f1xx_hal_uart.o
    0x08007406   0x08007406   0x0000004e   Code   RO         3394    i.UART_EndRxTransfer  stm32f1xx_hal_uart.o
    0x08007454   0x08007454   0x000000c2   Code   RO         3396    i.UART_Receive_IT   stm32f1xx_hal_uart.o
    0x08007516   0x08007516   0x00000002   PAD
    0x08007518   0x08007518   0x000000b8   Code   RO         3397    i.UART_SetConfig    stm32f1xx_hal_uart.o
    0x080075d0   0x080075d0   0x00000036   Code   RO         3399    i.UART_Start_Receive_IT  stm32f1xx_hal_uart.o
    0x08007606   0x08007606   0x00000070   Code   RO         3400    i.UART_WaitOnFlagUntilTimeout  stm32f1xx_hal_uart.o
    0x08007676   0x08007676   0x00000002   PAD
    0x08007678   0x08007678   0x0000000c   Code   RO          533    i.USART1_IRQHandler  stm32f1xx_it.o
    0x08007684   0x08007684   0x0000000c   Code   RO          534    i.USART3_IRQHandler  stm32f1xx_it.o
    0x08007690   0x08007690   0x00000002   Code   RO          535    i.UsageFault_Handler  stm32f1xx_it.o
    0x08007692   0x08007692   0x00000028   Code   RO         5496    i.__ARM_fpclassify  m_ws.l(fpclassify.o)
    0x080076ba   0x080076ba   0x00000020   Code   RO         1444    i.__NVIC_SetPriority  stm32f1xx_hal_cortex.o
    0x080076da   0x080076da   0x000000aa   Code   RO         5498    i.__kernel_poly     m_ws.l(poly.o)
    0x08007784   0x08007784   0x00000010   Code   RO         5482    i.__mathlib_dbl_divzero  m_ws.l(dunder.o)
    0x08007794   0x08007794   0x00000004   Code   RO         5484    i.__mathlib_dbl_infnan2  m_ws.l(dunder.o)
    0x08007798   0x08007798   0x0000000c   Code   RO         5485    i.__mathlib_dbl_invalid  m_ws.l(dunder.o)
    0x080077a4   0x080077a4   0x0000000e   Code   RO         5486    i.__mathlib_dbl_overflow  m_ws.l(dunder.o)
    0x080077b2   0x080077b2   0x00000002   PAD
    0x080077b4   0x080077b4   0x00000010   Code   RO         5488    i.__mathlib_dbl_underflow  m_ws.l(dunder.o)
    0x080077c4   0x080077c4   0x0000000e   Code   RO         5239    i._is_digit         c_w.l(__printf_wp.o)
    0x080077d2   0x080077d2   0x00000002   PAD
    0x080077d4   0x080077d4   0x00000048   Code   RO         4351    i.cJSON_Delete      cjson.o
    0x0800781c   0x0800781c   0x0000001c   Code   RO         4360    i.cJSON_GetObjectItem  cjson.o
    0x08007838   0x08007838   0x0000001c   Code   RO         4364    i.cJSON_New_Item    cjson.o
    0x08007854   0x08007854   0x00000008   Code   RO         4365    i.cJSON_Parse       cjson.o
    0x0800785c   0x0800785c   0x00000060   Code   RO         4366    i.cJSON_ParseWithOpts  cjson.o
    0x080078bc   0x080078bc   0x00000042   Code   RO         4372    i.cJSON_strcasecmp  cjson.o
    0x080078fe   0x080078fe   0x00000038   Code   RO         4954    i.ft                hmac_sha1.o
    0x08007936   0x08007936   0x000000f0   Code   RO         4955    i.hmac_sha1         hmac_sha1.o
    0x08007a26   0x08007a26   0x00000002   PAD
    0x08007a28   0x08007a28   0x00000034   Code   RO         4956    i.k                 hmac_sha1.o
    0x08007a5c   0x08007a5c   0x00000036   Code   RO           24    i.main              main.o
    0x08007a92   0x08007a92   0x00000002   PAD
    0x08007a94   0x08007a94   0x00000088   Code   RO         4376    i.parse_array       cjson.o
    0x08007b1c   0x08007b1c   0x000000a6   Code   RO         4377    i.parse_hex4        cjson.o
    0x08007bc2   0x08007bc2   0x00000002   PAD
    0x08007bc4   0x08007bc4   0x00000158   Code   RO         4378    i.parse_number      cjson.o
    0x08007d1c   0x08007d1c   0x000000b4   Code   RO         4379    i.parse_object      cjson.o
    0x08007dd0   0x08007dd0   0x0000015c   Code   RO         4380    i.parse_string      cjson.o
    0x08007f2c   0x08007f2c   0x000000b4   Code   RO         4381    i.parse_value       cjson.o
    0x08007fe0   0x08007fe0   0x000009b8   Code   RO         5348    i.pow               m_ws.l(pow.o)
    0x08008998   0x08008998   0x0000001c   Code   RO         4957    i.rotl              hmac_sha1.o
    0x080089b4   0x080089b4   0x000001d4   Code   RO         4959    i.sha1              hmac_sha1.o
    0x08008b88   0x08008b88   0x00000014   Code   RO         4388    i.skip              cjson.o
    0x08008b9c   0x08008b9c   0x0000004c   Code   RO         5502    i.sqrt              m_ws.l(sqrt.o)
    0x08008be8   0x08008be8   0x0000002c   Code   RO         5597    locale$$code        c_w.l(lc_ctype_c.o)
    0x08008c14   0x08008c14   0x0000002c   Code   RO         5600    locale$$code        c_w.l(lc_numeric_c.o)
    0x08008c40   0x08008c40   0x00000150   Code   RO         5287    x$fpl$dadd          fz_ws.l(daddsub_clz.o)
    0x08008d90   0x08008d90   0x00000010   Code   RO         5611    x$fpl$dcheck1       fz_ws.l(dcheck1.o)
    0x08008da0   0x08008da0   0x00000018   Code   RO         5463    x$fpl$dcmpinf       fz_ws.l(dcmpi.o)
    0x08008db8   0x08008db8   0x000002b0   Code   RO         5466    x$fpl$ddiv          fz_ws.l(ddiv.o)
    0x08009068   0x08009068   0x0000005e   Code   RO         5295    x$fpl$dfix          fz_ws.l(dfix.o)
    0x080090c6   0x080090c6   0x00000002   PAD
    0x080090c8   0x080090c8   0x0000005a   Code   RO         5299    x$fpl$dfixu         fz_ws.l(dfixu.o)
    0x08009122   0x08009122   0x0000002e   Code   RO         5304    x$fpl$dflt          fz_ws.l(dflt_clz.o)
    0x08009150   0x08009150   0x00000078   Code   RO         5309    x$fpl$dleqf         fz_ws.l(dleqf.o)
    0x080091c8   0x080091c8   0x00000154   Code   RO         5311    x$fpl$dmul          fz_ws.l(dmul.o)
    0x0800931c   0x0800931c   0x0000009c   Code   RO         5469    x$fpl$dnaninf       fz_ws.l(dnaninf.o)
    0x080093b8   0x080093b8   0x0000000c   Code   RO         5471    x$fpl$dretinf       fz_ws.l(dretinf.o)
    0x080093c4   0x080093c4   0x0000006c   Code   RO         5313    x$fpl$drleqf        fz_ws.l(drleqf.o)
    0x08009430   0x08009430   0x00000016   Code   RO         5288    x$fpl$drsb          fz_ws.l(daddsub_clz.o)
    0x08009446   0x08009446   0x00000002   PAD
    0x08009448   0x08009448   0x000001cc   Code   RO         5613    x$fpl$dsqrt         fz_ws.l(dsqrt_noumaal.o)
    0x08009614   0x08009614   0x000001d4   Code   RO         5289    x$fpl$dsub          fz_ws.l(daddsub_clz.o)
    0x080097e8   0x080097e8   0x00000056   Code   RO         5315    x$fpl$f2d           fz_ws.l(f2d.o)
    0x0800983e   0x0800983e   0x00000002   PAD
    0x08009840   0x08009840   0x000000c4   Code   RO         5317    x$fpl$fadd          fz_ws.l(faddsub_clz.o)
    0x08009904   0x08009904   0x0000000c   Code   RO         5473    x$fpl$fcheck1       fz_ws.l(fcheck1.o)
    0x08009910   0x08009910   0x00000184   Code   RO         5324    x$fpl$fdiv          fz_ws.l(fdiv.o)
    0x08009a94   0x08009a94   0x0000003e   Code   RO         5327    x$fpl$ffixu         fz_ws.l(ffixu.o)
    0x08009ad2   0x08009ad2   0x00000002   PAD
    0x08009ad4   0x08009ad4   0x00000026   Code   RO         5331    x$fpl$ffltu         fz_ws.l(fflt_clz.o)
    0x08009afa   0x08009afa   0x00000002   PAD
    0x08009afc   0x08009afc   0x00000102   Code   RO         5337    x$fpl$fmul          fz_ws.l(fmul.o)
    0x08009bfe   0x08009bfe   0x0000008c   Code   RO         5475    x$fpl$fnaninf       fz_ws.l(fnaninf.o)
    0x08009c8a   0x08009c8a   0x0000000a   Code   RO         5477    x$fpl$fretinf       fz_ws.l(fretinf.o)
    0x08009c94   0x08009c94   0x000000ea   Code   RO         5319    x$fpl$fsub          fz_ws.l(faddsub_clz.o)
    0x08009d7e   0x08009d7e   0x00000004   Code   RO         5339    x$fpl$printf1       fz_ws.l(printf1.o)
    0x08009d82   0x08009d82   0x00000064   Code   RO         5619    x$fpl$retnan        fz_ws.l(retnan.o)
    0x08009de6   0x08009de6   0x0000005c   Code   RO         5479    x$fpl$scalbn        fz_ws.l(scalbn.o)
    0x08009e42   0x08009e42   0x0000004c   Code   RO         5341    x$fpl$scalbnf       fz_ws.l(scalbnf.o)
    0x08009e8e   0x08009e8e   0x00000030   Code   RO         5687    x$fpl$trapveneer    fz_ws.l(trapv.o)
    0x08009ebe   0x08009ebe   0x00000000   Code   RO         5481    x$fpl$usenofp       fz_ws.l(usenofp.o)
    0x08009ebe   0x08009ebe   0x00000012   Data   RO         1142    .constdata          stm32f1xx_hal_rcc.o
    0x08009ed0   0x08009ed0   0x00000012   Data   RO         1234    .constdata          stm32f1xx_hal_rcc_ex.o
    0x08009ee2   0x08009ee2   0x00000010   Data   RO         3706    .constdata          system_stm32f1xx.o
    0x08009ef2   0x08009ef2   0x00000008   Data   RO         3707    .constdata          system_stm32f1xx.o
    0x08009efa   0x08009efa   0x000022d0   Data   RO         3764    .constdata          oled.o
    0x0800c1ca   0x0800c1ca   0x00000007   Data   RO         4390    .constdata          cjson.o
    0x0800c1d1   0x0800c1d1   0x000000c0   Data   RO         4930    .constdata          base64.o
    0x0800c291   0x0800c291   0x00000011   Data   RO         5242    .constdata          c_w.l(__printf_flags_wp.o)
    0x0800c2a2   0x0800c2a2   0x00000006   PAD
    0x0800c2a8   0x0800c2a8   0x00000088   Data   RO         5349    .constdata          m_ws.l(pow.o)
    0x0800c330   0x0800c330   0x00000008   Data   RO         5500    .constdata          m_ws.l(qnan.o)
    0x0800c338   0x0800c338   0x00000094   Data   RO         5558    .constdata          c_w.l(bigflt0.o)
    0x0800c3cc   0x0800c3cc   0x00000047   Data   RO         5029    .conststring        onenet.o
    0x0800c413   0x0800c413   0x00000001   PAD
    0x0800c414   0x0800c414   0x00000020   Data   RO         5753    Region$$Table       anon$$obj.o
    0x0800c434   0x0800c434   0x00000110   Data   RO         5596    locale$$data        c_w.l(lc_ctype_c.o)
    0x0800c544   0x0800c544   0x0000001c   Data   RO         5599    locale$$data        c_w.l(lc_numeric_c.o)


    Execution Region RW_IRAM1 (Exec base: 0x20000000, Load base: 0x0800c560, Size: 0x000012c0, Max: 0x00005000, ABSOLUTE)

    Exec Addr    Load Addr    Size         Type   Attr      Idx    E Section Name        Object

    0x20000000   0x0800c560   0x0000004c   Data   RW           25    .data               main.o
    0x2000004c   0x0800c5ac   0x00000001   Data   RW          465    .data               usart.o
    0x2000004d   0x0800c5ad   0x00000003   PAD
    0x20000050   0x0800c5b0   0x0000000c   Data   RW          979    .data               stm32f1xx_hal.o
    0x2000005c   0x0800c5bc   0x00000004   Data   RW         3708    .data               system_stm32f1xx.o
    0x20000060   0x0800c5c0   0x00000001   Data   RW         3986    .data               dht11.o
    0x20000061   0x0800c5c1   0x00000009   Data   RW         4088    .data               co2.o
    0x2000006a   0x0800c5ca   0x00000001   Data   RW         4161    .data               led.o
    0x2000006b   0x0800c5cb   0x00000001   Data   RW         4191    .data               fan.o
    0x2000006c   0x0800c5cc   0x00000001   Data   RW         4221    .data               pump.o
    0x2000006d   0x0800c5cd   0x00000001   Data   RW         4251    .data               spray.o
    0x2000006e   0x0800c5ce   0x00000001   Data   RW         4308    .data               beep.o
    0x2000006f   0x0800c5cf   0x00000001   PAD
    0x20000070   0x0800c5d0   0x0000000c   Data   RW         4391    .data               cjson.o
    0x2000007c   0x0800c5dc   0x00000002   Data   RW         4689    .data               esp8266.o
    0x2000007e   0x0800c5de   0x00000002   Data   RW         5030    .data               onenet.o
    0x20000080        -       0x00000030   Zero   RW          335    .bss                adc.o
    0x200000b0        -       0x00000054   Zero   RW          377    .bss                i2c.o
    0x20000104        -       0x00000048   Zero   RW          419    .bss                tim.o
    0x2000014c        -       0x00000090   Zero   RW          464    .bss                usart.o
    0x200001dc        -       0x00000480   Zero   RW         3763    .bss                oled.o
    0x2000065c        -       0x00000200   Zero   RW         4688    .bss                esp8266.o
    0x2000085c        -       0x00000060   Zero   RW         5512    .bss                c_w.l(libspace.o)
    0x200008bc   0x0800c5e0   0x00000004   PAD
    0x200008c0        -       0x00000400   Zero   RW            2    HEAP                startup_stm32f103xb.o
    0x20000cc0        -       0x00000600   Zero   RW            1    STACK               startup_stm32f103xb.o


==============================================================================

Image component sizes


      Code (inc. data)   RO Data    RW Data    ZI Data      Debug   Object Name

       168         22          0          0         48       1573   adc.o
        80          6          0          0          0        559   adcx.o
       576         10        192          0          0       2384   base64.o
        32         10          0          1          0        641   beep.o
      1672         72          7         12          0      11386   cjson.o
       124         18          0          9          0       1918   co2.o
       522         56          0          1          0       4897   dht11.o
       580        194          0          2        512       4517   esp8266.o
        32         10          0          1          0        631   fan.o
       216         12          0          0          0        931   gpio.o
       844         32          0          0          0       4405   hmac_sha1.o
       176         30          0          0         84       1581   i2c.o
        68         10          0          0          0        483   key.o
        32         10          0          1          0        631   led.o
       148         18          0          0          0       1369   light.o
      5296        594          0         76          0     469377   main.o
      1998         58          0          0          0      11662   mqttkit.o
      1560         60       8912          0       1152       9864   oled.o
      2988       1106         71          2          0      10351   onenet.o
       120         24          0          0          0       1251   ph.o
        32         10          0          1          0        641   pump.o
       104          0          0          0          0       1487   soil_humidity.o
        32         10          0          1          0        647   spray.o
        64         26        236          0       2560        796   startup_stm32f103xb.o
       164         28          0         12          0       5721   stm32f1xx_hal.o
      1306         52          0          0          0       6387   stm32f1xx_hal_adc.o
       216          6          0          0          0       1350   stm32f1xx_hal_adc_ex.o
       198         14          0          0          0      28487   stm32f1xx_hal_cortex.o
       222          4          0          0          0       1639   stm32f1xx_hal_dma.o
       480         34          0          0          0       3083   stm32f1xx_hal_gpio.o
      1388         32          0          0          0       7905   stm32f1xx_hal_i2c.o
        60          8          0          0          0        850   stm32f1xx_hal_msp.o
      1244         84         18          0          0       4784   stm32f1xx_hal_rcc.o
       396         28         18          0          0       2261   stm32f1xx_hal_rcc_ex.o
       936         24          0          0          0       9089   stm32f1xx_hal_tim.o
       108         12          0          0          0       2289   stm32f1xx_hal_tim_ex.o
      1636         10          0          0          0       9937   stm32f1xx_hal_uart.o
        56         18          0          0          0       5004   stm32f1xx_it.o
         2          0         24          4          0       1071   system_stm32f1xx.o
       164         20          0          0         72       1582   tim.o
       408         58          0          1        144       3482   usart.o

    ----------------------------------------------------------------------
     26492       2830       9511        128       4572     638903   Object Totals
         0          0         32          0          0          0   (incl. Generated)
        44          0          1          4          0          0   (incl. Padding)

    ----------------------------------------------------------------------

      Code (inc. data)   RO Data    RW Data    ZI Data      Debug   Library Member Name

         8          0          0          0          0         68   __main.o
       312          4         17          0          0         92   __printf_flags_wp.o
        14          0          0          0          0         68   __printf_wp.o
         0          0          0          0          0          0   __rtentry.o
        12          0          0          0          0          0   __rtentry2.o
         6          0          0          0          0          0   __rtentry4.o
        52          8          0          0          0          0   __scatter.o
        26          0          0          0          0          0   __scatter_copy.o
        28          0          0          0          0          0   __scatter_zi.o
        44          0          0          0          0        108   _printf_char.o
        48          6          0          0          0         96   _printf_char_common.o
         6          0          0          0          0          0   _printf_d.o
       120         16          0          0          0         92   _printf_dec.o
         6          0          0          0          0          0   _printf_f.o
      1050          0          0          0          0        216   _printf_fp_dec.o
       128         16          0          0          0         84   _printf_fp_infnan.o
       178          0          0          0          0         88   _printf_intcommon.o
         0          0          0          0          0          0   _printf_percent.o
         4          0          0          0          0          0   _printf_percent_end.o
         6          0          0          0          0          0   _printf_s.o
        82          0          0          0          0         80   _printf_str.o
        22          0          0          0          0        100   _rserrno.o
        16          0          0          0          0         68   _snputc.o
        10          0          0          0          0         68   _sputc.o
       220          4        148          0          0         96   bigflt0.o
      1910        128          0          0          0        672   btod.o
        10          0          0          0          0         68   defsig_exit.o
        50          0          0          0          0         88   defsig_general.o
        80         58          0          0          0         76   defsig_rtmem_inner.o
        14          0          0          0          0         80   defsig_rtmem_outer.o
        12          0          0          0          0         72   exit.o
        94          0          0          0          0         80   h1_alloc.o
        52          0          0          0          0         68   h1_extend.o
        78          0          0          0          0         80   h1_free.o
        14          0          0          0          0         84   h1_init.o
         6          0          0          0          0        152   heapauxi.o
         4          0          0          0          0        136   hguard.o
         0          0          0          0          0          0   indicate_semi.o
       138          0          0          0          0        168   init_alloc.o
        44         10        272          0          0         76   lc_ctype_c.o
        44         10         28          0          0         76   lc_numeric_c.o
         2          0          0          0          0          0   libinit.o
        38          0          0          0          0          0   libinit2.o
         2          0          0          0          0          0   libshutdown.o
         2          0          0          0          0          0   libshutdown2.o
         8          4          0          0         96         68   libspace.o
       138          0          0          0          0         80   lludiv10.o
         0          0          0          0          0          0   maybetermalloc1.o
        52          4          0          0          0         84   noretval__2snprintf.o
        40          6          0          0          0         84   noretval__2sprintf.o
        16          4          0          0          0         76   rt_ctype_table.o
         8          4          0          0          0         68   rt_errno_addr_intlibspace.o
         8          4          0          0          0         68   rt_heap_descriptor_intlibspace.o
         8          4          0          0          0         68   rt_locale_intlibspace.o
        68          0          0          0          0         68   rt_memclr.o
        78          0          0          0          0         80   rt_memclr_w.o
       138          0          0          0          0         68   rt_memcpy_v6.o
       100          0          0          0          0         80   rt_memcpy_w.o
         2          0          0          0          0          0   rtexit.o
        10          0          0          0          0          0   rtexit2.o
        24          0          0          0          0         68   strcat.o
        20          0          0          0          0         68   strchr.o
       128          0          0          0          0         68   strcmpv7m.o
        72          0          0          0          0         80   strcpy.o
        62          0          0          0          0         76   strlen.o
        36          0          0          0          0         76   strncat.o
       150          0          0          0          0         80   strncmp.o
        36          0          0          0          0         80   strstr.o
        12          4          0          0          0         68   sys_exit.o
        74          0          0          0          0         80   sys_stackheap_outer.o
        14          0          0          0          0         76   sys_wrch.o
        26          0          0          0          0         76   tolower.o
         2          0          0          0          0         68   use_no_semi.o
       826         16          0          0          0        348   daddsub_clz.o
        16          4          0          0          0         68   dcheck1.o
        24          0          0          0          0         68   dcmpi.o
       688        140          0          0          0        208   ddiv.o
        94          4          0          0          0         92   dfix.o
        90          4          0          0          0         92   dfixu.o
        46          0          0          0          0         68   dflt_clz.o
       120          4          0          0          0         92   dleqf.o
       340         12          0          0          0        104   dmul.o
       156          4          0          0          0         92   dnaninf.o
        12          0          0          0          0         68   dretinf.o
       108          0          0          0          0         80   drleqf.o
       460         56          0          0          0        120   dsqrt_noumaal.o
        86          4          0          0          0         84   f2d.o
       430          8          0          0          0        168   faddsub_clz.o
        12          4          0          0          0         68   fcheck1.o
       388         76          0          0          0         96   fdiv.o
        62          4          0          0          0         84   ffixu.o
        38          0          0          0          0         68   fflt_clz.o
       258          4          0          0          0         84   fmul.o
       140          4          0          0          0         84   fnaninf.o
        10          0          0          0          0         68   fretinf.o
         4          0          0          0          0         68   printf1.o
       100          0          0          0          0         68   retnan.o
        92          0          0          0          0         68   scalbn.o
        76          0          0          0          0         68   scalbnf.o
        48          0          0          0          0         68   trapv.o
         0          0          0          0          0          0   usenofp.o
        62         10          0          0          0        340   dunder.o
        40          0          0          0          0         68   fpclassify.o
       170          0          0          0          0         96   poly.o
      2488        190        136          0          0        300   pow.o
         0          0          8          0          0          0   qnan.o
        76          0          0          0          0         84   sqrt.o

    ----------------------------------------------------------------------
     13910        842        615          0        100       8688   Library Totals
        28          0          6          0          4          0   (incl. Padding)

    ----------------------------------------------------------------------

      Code (inc. data)   RO Data    RW Data    ZI Data      Debug   Library Name

      6322        294        465          0         96       5156   c_w.l
      4724        348          0          0          0       2644   fz_ws.l
      2836        200        144          0          0        888   m_ws.l

    ----------------------------------------------------------------------
     13910        842        615          0        100       8688   Library Totals

    ----------------------------------------------------------------------

==============================================================================


      Code (inc. data)   RO Data    RW Data    ZI Data      Debug   

     40402       3672      10126        128       4672     632819   Grand Totals
     40402       3672      10126        128       4672     632819   ELF Image Totals
     40402       3672      10126        128          0          0   ROM Totals

==============================================================================

    Total RO  Size (Code + RO Data)                50528 (  49.34kB)
    Total RW  Size (RW Data + ZI Data)              4800 (   4.69kB)
    Total ROM Size (Code + RO Data + RW Data)      50656 (  49.47kB)

==============================================================================

